Component: ARM Compiler 5.06 update 6 (build 750) Tool: armlink [4d35ed]

==============================================================================

Section Cross References

    main.o(i.main) refers to tasks.o(i.vTaskStartScheduler) for vTaskStartScheduler
    canapp.o(i.CanAppBuffOffHanlder) refers to can.o(i.CanDeinit) for CanDeinit
    canapp.o(i.CanAppBuffOffHanlder) refers to can.o(i.CanInit) for CanInit
    canapp.o(i.CanAppBuffOffHanlder) refers to canapp.o(.constdata) for CanAppHandler
    canapp.o(i.CanAppBuffOffHanlder) refers to canapp.o(i.canAppCb) for canAppCb
    canapp.o(i.CanAppInit) refers to queue.o(i.xQueueGenericCreate) for xQueueGenericCreate
    canapp.o(i.CanAppInit) refers to tasks.o(i.xTaskCreate) for xTaskCreate
    canapp.o(i.CanAppInit) refers to can.o(i.CanInit) for CanInit
    canapp.o(i.CanAppInit) refers to canapp.o(.data) for selfId
    canapp.o(i.CanAppInit) refers to canapp.o(i.xTask) for xTask
    canapp.o(i.CanAppInit) refers to canapp.o(.constdata) for CanAppHandler
    canapp.o(i.CanAppInit) refers to canapp.o(i.canAppCb) for canAppCb
    canapp.o(i.CanAppReceiveMsgHandler) refers to can.o(i.CanGet_MSG) for CanGet_MSG
    canapp.o(i.CanAppReceiveMsgHandler) refers to canapp.o(i.CanAppSendMsg) for CanAppSendMsg
    canapp.o(i.CanAppSendMsg) refers to can.o(i.CanSend_MSG) for CanSend_MSG
    canapp.o(i.CanAppSendMsg) refers to queue.o(i.xQueueSemaphoreTake) for xQueueSemaphoreTake
    canapp.o(i.CanAppSendMsg) refers to tasks.o(i.vTaskDelay) for vTaskDelay
    canapp.o(i.CanAppSendMsg) refers to canapp.o(.data) for selfId
    canapp.o(i.CanAppTxCompleteHalder) refers to queue.o(i.xQueueGiveFromISR) for xQueueGiveFromISR
    canapp.o(i.CanAppTxCompleteHalder) refers to canapp.o(.data) for xSemphore
    canapp.o(i.canAppCb) refers to queue.o(i.xQueueGenericSendFromISR) for xQueueGenericSendFromISR
    canapp.o(i.canAppCb) refers to canapp.o(.data) for xQueue
    canapp.o(i.xTask) refers to queue.o(i.xQueueReceive) for xQueueReceive
    canapp.o(i.xTask) refers to canapp.o(i.CanAppSendMsg) for CanAppSendMsg
    canapp.o(i.xTask) refers to canapp.o(.data) for xQueue
    canapp.o(i.xTask) refers to canapp.o(.constdata) for CanAppEvtHandler
    canapp.o(.constdata) refers to canapp.o(i.CanAppReceiveMsgHandler) for CanAppReceiveMsgHandler
    canapp.o(.constdata) refers to canapp.o(i.CanAppTxCompleteHalder) for CanAppTxCompleteHalder
    canapp.o(.constdata) refers to canapp.o(i.CanAppBuffOffHanlder) for CanAppBuffOffHanlder
    freertoshook.o(i.vApplicationDaemonTaskStartupHook) refers to sysclock.o(i.sysclock_init) for sysclock_init
    freertoshook.o(i.vApplicationDaemonTaskStartupHook) refers to gpioinit.o(i.gpioInit) for gpioInit
    freertoshook.o(i.vApplicationDaemonTaskStartupHook) refers to canapp.o(i.CanAppInit) for CanAppInit
    freertoshook.o(i.vApplicationDaemonTaskStartupHook) refers to ws2812b.o(i.ws2812b_Init) for ws2812b_Init
    freertoshook.o(i.vApplicationDaemonTaskStartupHook) refers to iic.o(i.IIC_Init) for IIC_Init
    freertoshook.o(i.vApplicationDaemonTaskStartupHook) refers to at24qtxx.o(i.at24qt_intit) for at24qt_intit
    freertoshook.o(i.vApplicationDaemonTaskStartupHook) refers to at24qtxx.o(i.at24qt_setMode) for at24qt_setMode
    ws2812b.o(i.DMA1_Channel7_IRQHandler) refers to stm32f10x_dma.o(i.DMA_GetITStatus) for DMA_GetITStatus
    ws2812b.o(i.DMA1_Channel7_IRQHandler) refers to stm32f10x_dma.o(i.DMA_ClearITPendingBit) for DMA_ClearITPendingBit
    ws2812b.o(i.DMA1_Channel7_IRQHandler) refers to ws2812b.o(i.DMASendNext) for DMASendNext
    ws2812b.o(i.DMA1_Channel7_IRQHandler) refers to ws2812b.o(.bss) for DMABuffer
    ws2812b.o(i.DMASend) refers to ws2812b.o(i.SrcFilterNull) for SrcFilterNull
    ws2812b.o(i.DMASend) refers to stm32f10x_dma.o(i.DMA_SetCurrDataCounter) for DMA_SetCurrDataCounter
    ws2812b.o(i.DMASend) refers to stm32f10x_tim.o(i.TIM_Cmd) for TIM_Cmd
    ws2812b.o(i.DMASend) refers to stm32f10x_dma.o(i.DMA_Cmd) for DMA_Cmd
    ws2812b.o(i.DMASend) refers to ws2812b.o(.data) for DMABusy
    ws2812b.o(i.DMASend) refers to ws2812b.o(.bss) for DMABuffer
    ws2812b.o(i.DMASendNext) refers to stm32f10x_tim.o(i.TIM_Cmd) for TIM_Cmd
    ws2812b.o(i.DMASendNext) refers to stm32f10x_dma.o(i.DMA_Cmd) for DMA_Cmd
    ws2812b.o(i.DMASendNext) refers to ws2812b.o(i.SrcFilterNull) for SrcFilterNull
    ws2812b.o(i.DMASendNext) refers to ws2812b.o(.data) for DMAFilter
    ws2812b.o(i.LEDGamma) refers to ws2812b.o(.constdata) for LEDGammaTable
    ws2812b.o(i.RGB2PWM) refers to ws2812b.o(i.LEDGamma) for LEDGamma
    ws2812b.o(i.SrcFilterHSV) refers to bitmap.o(i.HSV2RGB) for HSV2RGB
    ws2812b.o(i.SrcFilterHSV) refers to ws2812b.o(i.RGB2PWM) for RGB2PWM
    ws2812b.o(i.SrcFilterNull) refers to memseta.o(.text) for __aeabi_memclr
    ws2812b.o(i.SrcFilterRGB) refers to ws2812b.o(i.RGB2PWM) for RGB2PWM
    ws2812b.o(i.ws2812b_Init) refers to stm32f10x_tim.o(i.TIM_TimeBaseInit) for TIM_TimeBaseInit
[...]
    Removing stm32f10x_tim.o(i.TIM_SetIC4Prescaler), (26 bytes).
    Removing stm32f10x_tim.o(i.TIM_TIxExternalClockConfig), (62 bytes).
    Removing stm32f10x_tim.o(i.TIM_TimeBaseStructInit), (18 bytes).
    Removing stm32f10x_tim.o(i.TIM_UpdateDisableConfig), (24 bytes).
    Removing stm32f10x_tim.o(i.TIM_UpdateRequestConfig), (24 bytes).
    Removing stm32f10x_usart.o(i.USART_ClearFlag), (18 bytes).
    Removing stm32f10x_usart.o(i.USART_ClearITPendingBit), (30 bytes).
    Removing stm32f10x_usart.o(i.USART_ClockInit), (34 bytes).
    Removing stm32f10x_usart.o(i.USART_ClockStructInit), (12 bytes).
    Removing stm32f10x_usart.o(i.USART_Cmd), (24 bytes).
    Removing stm32f10x_usart.o(i.USART_DMACmd), (18 bytes).
    Removing stm32f10x_usart.o(i.USART_DeInit), (156 bytes).
    Removing stm32f10x_usart.o(i.USART_GetFlagStatus), (26 bytes).
    Removing stm32f10x_usart.o(i.USART_GetITStatus), (84 bytes).
    Removing stm32f10x_usart.o(i.USART_HalfDuplexCmd), (24 bytes).
    Removing stm32f10x_usart.o(i.USART_ITConfig), (74 bytes).
    Removing stm32f10x_usart.o(i.USART_Init), (216 bytes).
    Removing stm32f10x_usart.o(i.USART_IrDACmd), (24 bytes).
    Removing stm32f10x_usart.o(i.USART_IrDAConfig), (18 bytes).
    Removing stm32f10x_usart.o(i.USART_LINBreakDetectLengthConfig), (18 bytes).
    Removing stm32f10x_usart.o(i.USART_LINCmd), (24 bytes).
    Removing stm32f10x_usart.o(i.USART_OneBitMethodCmd), (24 bytes).
    Removing stm32f10x_usart.o(i.USART_OverSampling8Cmd), (22 bytes).
    Removing stm32f10x_usart.o(i.USART_ReceiveData), (10 bytes).
    Removing stm32f10x_usart.o(i.USART_ReceiverWakeUpCmd), (24 bytes).
    Removing stm32f10x_usart.o(i.USART_SendBreak), (10 bytes).
    Removing stm32f10x_usart.o(i.USART_SendData), (8 bytes).
    Removing stm32f10x_usart.o(i.USART_SetAddress), (18 bytes).
    Removing stm32f10x_usart.o(i.USART_SetGuardTime), (16 bytes).
    Removing stm32f10x_usart.o(i.USART_SetPrescaler), (16 bytes).
    Removing stm32f10x_usart.o(i.USART_SmartCardCmd), (24 bytes).
    Removing stm32f10x_usart.o(i.USART_SmartCardNACKCmd), (24 bytes).
    Removing stm32f10x_usart.o(i.USART_StructInit), (24 bytes).
    Removing stm32f10x_usart.o(i.USART_WakeUpConfig), (18 bytes).
    Removing stm32f10x_wwdg.o(i.WWDG_ClearFlag), (12 bytes).
    Removing stm32f10x_wwdg.o(i.WWDG_DeInit), (22 bytes).
    Removing stm32f10x_wwdg.o(i.WWDG_Enable), (16 bytes).
    Removing stm32f10x_wwdg.o(i.WWDG_EnableIT), (12 bytes).
    Removing stm32f10x_wwdg.o(i.WWDG_GetFlagStatus), (12 bytes).
    Removing stm32f10x_wwdg.o(i.WWDG_SetCounter), (16 bytes).
    Removing stm32f10x_wwdg.o(i.WWDG_SetPrescaler), (24 bytes).
    Removing stm32f10x_wwdg.o(i.WWDG_SetWindowValue), (40 bytes).
    Removing misc.o(i.NVIC_PriorityGroupConfig), (20 bytes).
    Removing misc.o(i.NVIC_SetVectorTable), (20 bytes).
    Removing misc.o(i.NVIC_SystemLPConfig), (32 bytes).
    Removing misc.o(i.SysTick_CLKSourceConfig), (40 bytes).
    Removing event_groups.o(i.prvTestWaitCondition), (30 bytes).
    Removing event_groups.o(i.vEventGroupClearBitsCallback), (16 bytes).
    Removing event_groups.o(i.vEventGroupDelete), (42 bytes).
    Removing event_groups.o(i.vEventGroupSetBitsCallback), (16 bytes).
    Removing event_groups.o(i.xEventGroupClearBits), (32 bytes).
    Removing event_groups.o(i.xEventGroupCreate), (26 bytes).
    Removing event_groups.o(i.xEventGroupGetBitsFromISR), (44 bytes).
    Removing event_groups.o(i.xEventGroupSetBits), (146 bytes).
    Removing event_groups.o(i.xEventGroupSync), (168 bytes).
    Removing event_groups.o(i.xEventGroupWaitBits), (204 bytes).
    Removing queue.o(i.uxQueueMessagesWaiting), (18 bytes).
    Removing queue.o(i.uxQueueMessagesWaitingFromISR), (6 bytes).
    Removing queue.o(i.uxQueueSpacesAvailable), (24 bytes).
    Removing queue.o(i.vQueueDelete), (14 bytes).
    Removing queue.o(i.xQueueIsQueueEmptyFromISR), (14 bytes).
    Removing queue.o(i.xQueueIsQueueFullFromISR), (18 bytes).
    Removing queue.o(i.xQueuePeek), (268 bytes).
    Removing queue.o(i.xQueuePeekFromISR), (74 bytes).
    Removing queue.o(i.xQueueReceiveFromISR), (130 bytes).
    Removing stream_buffer.o(i.prvBytesInBuffer), (24 bytes).
    Removing stream_buffer.o(i.prvInitialiseNewStreamBuffer), (48 bytes).
    Removing stream_buffer.o(i.prvReadBytesFromBuffer), (94 bytes).
    Removing stream_buffer.o(i.prvReadMessageFromBuffer), (72 bytes).
    Removing stream_buffer.o(i.prvWriteBytesToBuffer), (78 bytes).
    Removing stream_buffer.o(i.prvWriteMessageToBuffer), (92 bytes).
    Removing stream_buffer.o(i.vStreamBufferDelete), (32 bytes).
    Removing stream_buffer.o(i.xStreamBufferBytesAvailable), (18 bytes).
    Removing stream_buffer.o(i.xStreamBufferGenericCreate), (46 bytes).
    Removing stream_buffer.o(i.xStreamBufferIsEmpty), (22 bytes).
    Removing stream_buffer.o(i.xStreamBufferIsFull), (40 bytes).
    Removing stream_buffer.o(i.xStreamBufferReceive), (168 bytes).
    Removing stream_buffer.o(i.xStreamBufferReceiveCompletedFromISR), (78 bytes).
    Removing stream_buffer.o(i.xStreamBufferReceiveFromISR), (132 bytes).
    Removing stream_buffer.o(i.xStreamBufferReset), (50 bytes).
    Removing stream_buffer.o(i.xStreamBufferSend), (190 bytes).
    Removing stream_buffer.o(i.xStreamBufferSendCompletedFromISR), (78 bytes).
    Removing stream_buffer.o(i.xStreamBufferSendFromISR), (132 bytes).
    Removing stream_buffer.o(i.xStreamBufferSetTriggerLevel), (26 bytes).
    Removing stream_buffer.o(i.xStreamBufferSpacesAvailable), (30 bytes).
    Removing tasks.o(i.pcTaskGetName), (24 bytes).
    Removing tasks.o(i.prvTaskIsTaskSuspended), (64 bytes).
    Removing tasks.o(i.ulTaskNotifyTake), (116 bytes).
    Removing tasks.o(i.uxTaskGetNumberOfTasks), (12 bytes).
    Removing tasks.o(i.uxTaskPriorityGet), (36 bytes).
    Removing tasks.o(i.uxTaskPriorityGetFromISR), (56 bytes).
    Removing tasks.o(i.uxTaskResetEventItemValue), (28 bytes).
    Removing tasks.o(i.vTaskDelayUntil), (116 bytes).
    Removing tasks.o(i.vTaskDelete), (204 bytes).
    Removing tasks.o(i.vTaskEndScheduler), (36 bytes).
    Removing tasks.o(i.vTaskNotifyGiveFromISR), (180 bytes).
    Removing tasks.o(i.vTaskPlaceOnUnorderedEventList), (44 bytes).
    Removing tasks.o(i.vTaskPrioritySet), (232 bytes).
    Removing tasks.o(i.vTaskRemoveFromUnorderedEventList), (100 bytes).
    Removing tasks.o(i.vTaskResume), (120 bytes).
    Removing tasks.o(i.vTaskSetTimeOutState), (36 bytes).
    Removing tasks.o(i.vTaskSuspend), (204 bytes).
    Removing tasks.o(i.xTaskGenericNotify), (196 bytes).
    Removing tasks.o(i.xTaskGenericNotifyFromISR), (252 bytes).
    Removing tasks.o(i.xTaskGetCurrentTaskHandle), (12 bytes).
    Removing tasks.o(i.xTaskGetTickCountFromISR), (12 bytes).
    Removing tasks.o(i.xTaskNotifyStateClear), (52 bytes).
    Removing tasks.o(i.xTaskNotifyWait), (160 bytes).
    Removing tasks.o(i.xTaskResumeFromISR), (152 bytes).
    Removing timers.o(i.pcTimerGetName), (8 bytes).
    Removing timers.o(i.pvTimerGetTimerID), (20 bytes).
    Removing timers.o(i.vTimerSetTimerID), (20 bytes).
    Removing timers.o(i.xTimerGetExpiryTime), (8 bytes).
    Removing timers.o(i.xTimerGetPeriod), (8 bytes).
    Removing timers.o(i.xTimerGetTimerDaemonTaskHandle), (12 bytes).
    Removing timers.o(i.xTimerIsTimerActive), (32 bytes).
    Removing port.o(i.vPortEndScheduler), (2 bytes).
    Removing heap_4.o(i.vPortInitialiseBlocks), (2 bytes).
    Removing heap_4.o(i.xPortGetFreeHeapSize), (12 bytes).
    Removing heap_4.o(i.xPortGetMinimumEverFreeHeapSize), (12 bytes).
    Removing peridic.o(i.peridic10ms), (2 bytes).
    Removing peridic.o(i.peridic15ms), (2 bytes).
    Removing peridic.o(i.peridic20ms), (2 bytes).
    Removing peridic.o(i.peridic25ms), (2 bytes).
    Removing peridic.o(i.peridic30ms), (2 bytes).
    Removing peridic.o(i.peridic5ms), (2 bytes).
    Removing peridic.o(i.peridicTask), (44 bytes).
    Removing peridic.o(i.peridicTaskCreate), (56 bytes).
    Removing peridic.o(i.peridicTriger), (2 bytes).
    Removing peridic.o(.constdata), (24 bytes).
    Removing peridic.o(.data), (8 bytes).

574 unused section(s) (total 24822 bytes) removed from the image.

==============================================================================

Image Symbol Table

    Local Symbols

    Symbol Name                              Value     Ov Type        Size  Object(Section)

    ../clib/../cmprslib/zerorunl2.c          0x00000000   Number         0  __dczerorl2.o ABSOLUTE
    ../clib/microlib/init/entry.s            0x00000000   Number         0  entry7a.o ABSOLUTE
    ../clib/microlib/init/entry.s            0x00000000   Number         0  entry11b.o ABSOLUTE
    ../clib/microlib/init/entry.s            0x00000000   Number         0  entry10a.o ABSOLUTE
    ../clib/microlib/init/entry.s            0x00000000   Number         0  entry10b.o ABSOLUTE
    ../clib/microlib/init/entry.s            0x00000000   Number         0  entry11a.o ABSOLUTE
    ../clib/microlib/init/entry.s            0x00000000   Number         0  entry.o ABSOLUTE
    ../clib/microlib/init/entry.s            0x00000000   Number         0  entry2.o ABSOLUTE
    ../clib/microlib/init/entry.s            0x00000000   Number         0  entry5.o ABSOLUTE
    ../clib/microlib/init/entry.s            0x00000000   Number         0  entry7b.o ABSOLUTE
    ../clib/microlib/init/entry.s            0x00000000   Number         0  entry8a.o ABSOLUTE
    ../clib/microlib/init/entry.s            0x00000000   Number         0  entry8b.o ABSOLUTE
    ../clib/microlib/init/entry.s            0x00000000   Number         0  entry9a.o ABSOLUTE
    ../clib/microlib/init/entry.s            0x00000000   Number         0  entry9b.o ABSOLUTE
    ../clib/microlib/string/memcpy.c         0x00000000   Number         0  memcpyb.o ABSOLUTE
    ../clib/microlib/string/memcpy.c         0x00000000   Number         0  memcpya.o ABSOLUTE
    ../clib/microlib/string/memset.c         0x00000000   Number         0  memseta.o ABSOLUTE
    ..\\source\\CMSIS\\core_cm3.c            0x00000000   Number         0  core_cm3.o ABSOLUTE
    ..\\source\\SYSTEM\\sys.c                0x00000000   Number         0  sys.o ABSOLUTE
    ..\\source\\freertos\\Source\\portable\\RVDS\\ARM_CM3\\port.c 0x00000000   Number         0  port.o ABSOLUTE
    ..\source\APP\CanApp.c                   0x00000000   Number         0  canapp.o ABSOLUTE
    ..\source\APP\main.c                     0x00000000   Number         0  main.o ABSOLUTE
    ..\source\APP\stm32f10x_it.c             0x00000000   Number         0  stm32f10x_it.o ABSOLUTE
    ..\source\CMSIS\core_cm3.c               0x00000000   Number         0  core_cm3.o ABSOLUTE
    ..\source\CMSIS\startup_stm32f10x_cl.s   0x00000000   Number         0  startup_stm32f10x_cl.o ABSOLUTE
    ..\source\CMSIS\system_stm32f10x.c       0x00000000   Number         0  system_stm32f10x.o ABSOLUTE
    ..\source\HARDWARE\at24qtxx.c            0x00000000   Number         0  at24qtxx.o ABSOLUTE
    ..\source\HARDWARE\bitmap.c              0x00000000   Number         0  bitmap.o ABSOLUTE
    ..\source\HARDWARE\eeprom.c              0x00000000   Number         0  eeprom.o ABSOLUTE
    ..\source\HARDWARE\ws2812b.c             0x00000000   Number         0  ws2812b.o ABSOLUTE
    ..\source\STM32F10x_StdPeriph_Driver\src\misc.c 0x00000000   Number         0  misc.o ABSOLUTE
    ..\source\STM32F10x_StdPeriph_Driver\src\stm32f10x_adc.c 0x00000000   Number         0  stm32f10x_adc.o ABSOLUTE
    ..\source\STM32F10x_StdPeriph_Driver\src\stm32f10x_bkp.c 0x00000000   Number         0  stm32f10x_bkp.o ABSOLUTE
    ..\source\STM32F10x_StdPeriph_Driver\src\stm32f10x_can.c 0x00000000   Number         0  stm32f10x_can.o ABSOLUTE
    ..\source\STM32F10x_StdPeriph_Driver\src\stm32f10x_cec.c 0x00000000   Number         0  stm32f10x_cec.o ABSOLUTE
    ..\source\STM32F10x_StdPeriph_Driver\src\stm32f10x_crc.c 0x00000000   Number         0  stm32f10x_crc.o ABSOLUTE
    ..\source\STM32F10x_StdPeriph_Driver\src\stm32f10x_dac.c 0x00000000   Number         0  stm32f10x_dac.o ABSOLUTE
    ..\source\STM32F10x_StdPeriph_Driver\src\stm32f10x_dbgmcu.c 0x00000000   Number         0  stm32f10x_dbgmcu.o ABSOLUTE
    ..\source\STM32F10x_StdPeriph_Driver\src\stm32f10x_dma.c 0x00000000   Number         0  stm32f10x_dma.o ABSOLUTE
    ..\source\STM32F10x_StdPeriph_Driver\src\stm32f10x_exti.c 0x00000000   Number         0  stm32f10x_exti.o ABSOLUTE
    ..\source\STM32F10x_StdPeriph_Driver\src\stm32f10x_flash.c 0x00000000   Number         0  stm32f10x_flash.o ABSOLUTE
    ..\source\STM32F10x_StdPeriph_Driver\src\stm32f10x_fsmc.c 0x00000000   Number         0  stm32f10x_fsmc.o ABSOLUTE
    ..\source\STM32F10x_StdPeriph_Driver\src\stm32f10x_gpio.c 0x00000000   Number         0  stm32f10x_gpio.o ABSOLUTE
    ..\source\STM32F10x_StdPeriph_Driver\src\stm32f10x_i2c.c 0x00000000   Number         0  stm32f10x_i2c.o ABSOLUTE
    ..\source\STM32F10x_StdPeriph_Driver\src\stm32f10x_iwdg.c 0x00000000   Number         0  stm32f10x_iwdg.o ABSOLUTE
    ..\source\STM32F10x_StdPeriph_Driver\src\stm32f10x_pwr.c 0x00000000   Number         0  stm32f10x_pwr.o ABSOLUTE
    ..\source\STM32F10x_StdPeriph_Driver\src\stm32f10x_rcc.c 0x00000000   Number         0  stm32f10x_rcc.o ABSOLUTE
    ..\source\STM32F10x_StdPeriph_Driver\src\stm32f10x_rtc.c 0x00000000   Number         0  stm32f10x_rtc.o ABSOLUTE
    ..\source\STM32F10x_StdPeriph_Driver\src\stm32f10x_sdio.c 0x00000000   Number         0  stm32f10x_sdio.o ABSOLUTE
    ..\source\STM32F10x_StdPeriph_Driver\src\stm32f10x_spi.c 0x00000000   Number         0  stm32f10x_spi.o ABSOLUTE
    ..\source\STM32F10x_StdPeriph_Driver\src\stm32f10x_tim.c 0x00000000   Number         0  stm32f10x_tim.o ABSOLUTE
    ..\source\STM32F10x_StdPeriph_Driver\src\stm32f10x_usart.c 0x00000000   Number         0  stm32f10x_usart.o ABSOLUTE
    ..\source\STM32F10x_StdPeriph_Driver\src\stm32f10x_wwdg.c 0x00000000   Number         0  stm32f10x_wwdg.o ABSOLUTE
    ..\source\SYSTEM\can.c                   0x00000000   Number         0  can.o ABSOLUTE
    ..\source\SYSTEM\delay.c                 0x00000000   Number         0  delay.o ABSOLUTE
    ..\source\SYSTEM\gpioInit.c              0x00000000   Number         0  gpioinit.o ABSOLUTE
    ..\source\SYSTEM\iic.c                   0x00000000   Number         0  iic.o ABSOLUTE
    ..\source\SYSTEM\rand.c                  0x00000000   Number         0  rand.o ABSOLUTE
    ..\source\SYSTEM\sys.c                   0x00000000   Number         0  sys.o ABSOLUTE
    ..\source\SYSTEM\sysclock.c              0x00000000   Number         0  sysclock.o ABSOLUTE
    ..\source\SYSTEM\wwdog.c                 0x00000000   Number         0  wwdog.o ABSOLUTE
    ..\source\freertos\Source\croutine.c     0x00000000   Number         0  croutine.o ABSOLUTE
    ..\source\freertos\Source\event_groups.c 0x00000000   Number         0  event_groups.o ABSOLUTE
    ..\source\freertos\Source\list.c         0x00000000   Number         0  list.o ABSOLUTE
    ..\source\freertos\Source\portable\MemMang\heap_4.c 0x00000000   Number         0  heap_4.o ABSOLUTE
    ..\source\freertos\Source\portable\RVDS\ARM_CM3\port.c 0x00000000   Number         0  port.o ABSOLUTE
    ..\source\freertos\Source\queue.c        0x00000000   Number         0  queue.o ABSOLUTE
    ..\source\freertos\Source\stream_buffer.c 0x00000000   Number         0  stream_buffer.o ABSOLUTE
    ..\source\freertos\Source\tasks.c        0x00000000   Number         0  tasks.o ABSOLUTE
    ..\source\freertos\Source\timers.c       0x00000000   Number         0  timers.o ABSOLUTE
    ..\source\task\peridic.c                 0x00000000   Number         0  peridic.o ABSOLUTE
    FreeRTOSHook.c                           0x00000000   Number         0  freertoshook.o ABSOLUTE
    dc.s                                     0x00000000   Number         0  dc.o ABSOLUTE
    handlers.s                               0x00000000   Number         0  handlers.o ABSOLUTE
    init.s                                   0x00000000   Number         0  init.o ABSOLUTE
    RESET                                    0x08000000   Section      336  startup_stm32f10x_cl.o(RESET)
    .ARM.Collect$$$$00000000                 0x08000150   Section        0  entry.o(.ARM.Collect$$$$00000000)
    .ARM.Collect$$$$00000001                 0x08000150   Section        4  entry2.o(.ARM.Collect$$$$00000001)
    .ARM.Collect$$$$00000004                 0x08000154   Section        4  entry5.o(.ARM.Collect$$$$00000004)
    .ARM.Collect$$$$00000008                 0x08000158   Section        0  entry7b.o(.ARM.Collect$$$$00000008)
    .ARM.Collect$$$$0000000A                 0x08000158   Section        0  entry8b.o(.ARM.Collect$$$$0000000A)
    .ARM.Collect$$$$0000000B                 0x08000158   Section        8  entry9a.o(.ARM.Collect$$$$0000000B)
    .ARM.Collect$$$$0000000D                 0x08000160   Section        0  entry10a.o(.ARM.Collect$$$$0000000D)
    .ARM.Collect$$$$0000000F                 0x08000160   Section        0  entry11a.o(.ARM.Collect$$$$0000000F)
    .ARM.Collect$$$$00002712                 0x08000160   Section        4  entry2.o(.ARM.Collect$$$$00002712)
    __lit__00000000                          0x08000160   Data           4  entry2.o(.ARM.Collect$$$$00002712)
    .emb_text                                0x08000164   Section      150  port.o(.emb_text)
    .text                                    0x080001fc   Section       36  startup_stm32f10x_cl.o(.text)
    .text                                    0x08000220   Section        0  memcpya.o(.text)
    .text                                    0x08000244   Section        0  memseta.o(.text)
    .text                                    0x08000268   Section       36  init.o(.text)
    .text                                    0x0800028c   Section        0  __dczerorl2.o(.text)
    i.BusFault_Handler                       0x080002e2   Section        0  stm32f10x_it.o(i.BusFault_Handler)
    i.CAN1_RX0_IRQHandler                    0x080002e8   Section        0  can.o(i.CAN1_RX0_IRQHandler)
    i.CAN1_RX1_IRQHandler                    0x080003b0   Section        0  can.o(i.CAN1_RX1_IRQHandler)
    i.CAN1_SCE_IRQHandler                    0x080003b4   Section        0  can.o(i.CAN1_SCE_IRQHandler)
    i.CAN1_TX_IRQHandler                     0x080003e4   Section        0  can.o(i.CAN1_TX_IRQHandler)
    i.CAN2_RX0_IRQHandler                    0x08000414   Section        0  can.o(i.CAN2_RX0_IRQHandler)
    i.CAN2_RX1_IRQHandler                    0x08000416   Section        0  can.o(i.CAN2_RX1_IRQHandler)
    i.CAN2_SCE_IRQHandler                    0x08000418   Section        0  can.o(i.CAN2_SCE_IRQHandler)
    i.CAN2_TX_IRQHandler                     0x0800041a   Section        0  can.o(i.CAN2_TX_IRQHandler)
    i.CAN_ClearITPendingBit                  0x0800041c   Section        0  stm32f10x_can.o(i.CAN_ClearITPendingBit)
    i.CAN_FilterInit                         0x080004c4   Section        0  stm32f10x_can.o(i.CAN_FilterInit)
    i.CAN_GetITStatus                        0x080005cc   Section        0  stm32f10x_can.o(i.CAN_GetITStatus)
    i.CAN_ITConfig                           0x080006ec   Section        0  stm32f10x_can.o(i.CAN_ITConfig)
    i.CAN_Init                               0x080006fe   Section        0  stm32f10x_can.o(i.CAN_Init)
    i.CAN_Receive                            0x08000812   Section        0  stm32f10x_can.o(i.CAN_Receive)
    i.CAN_Transmit                           0x08000902   Section        0  stm32f10x_can.o(i.CAN_Transmit)
    i.CanAppBuffOffHanlder                   0x08000a28   Section        0  canapp.o(i.CanAppBuffOffHanlder)
    CanAppBuffOffHanlder                     0x08000a29   Thumb Code    24  canapp.o(i.CanAppBuffOffHanlder)
    i.CanAppInit                             0x08000a4c   Section        0  canapp.o(i.CanAppInit)
    i.CanAppReceiveMsgHandler                0x08000af4   Section        0  canapp.o(i.CanAppReceiveMsgHandler)
    CanAppReceiveMsgHandler                  0x08000af5   Thumb Code    18  canapp.o(i.CanAppReceiveMsgHandler)
    i.CanAppSendMsg                          0x08000b08   Section        0  canapp.o(i.CanAppSendMsg)
    CanAppSendMsg                            0x08000b09   Thumb Code    60  canapp.o(i.CanAppSendMsg)
    i.CanAppTxCompleteHalder                 0x08000b4c   Section        0  canapp.o(i.CanAppTxCompleteHalder)
    CanAppTxCompleteHalder                   0x08000b4d   Thumb Code    14  canapp.o(i.CanAppTxCompleteHalder)
    i.CanDeinit                              0x08000b60   Section        0  can.o(i.CanDeinit)
    i.CanGet_MSG                             0x08000bb4   Section        0  can.o(i.CanGet_MSG)
    i.CanInit                                0x08000bf8   Section        0  can.o(i.CanInit)
    i.CanSend_MSG                            0x08000ce4   Section        0  can.o(i.CanSend_MSG)
    i.CheckITStatus                          0x08000d84   Section        0  stm32f10x_can.o(i.CheckITStatus)
    CheckITStatus                            0x08000d85   Thumb Code    18  stm32f10x_can.o(i.CheckITStatus)
    i.DMA1_Channel7_IRQHandler               0x08000d98   Section        0  ws2812b.o(i.DMA1_Channel7_IRQHandler)
    i.DMASend                                0x08000ddc   Section        0  ws2812b.o(i.DMASend)
    DMASend                                  0x08000ddd   Thumb Code   162  ws2812b.o(i.DMASend)
    i.DMASendNext                            0x08000e98   Section        0  ws2812b.o(i.DMASendNext)
    DMASendNext                              0x08000e99   Thumb Code   148  ws2812b.o(i.DMASendNext)
    i.DMA_ClearITPendingBit                  0x08000f40   Section        0  stm32f10x_dma.o(i.DMA_ClearITPendingBit)
    i.DMA_Cmd                                0x08000f5c   Section        0  stm32f10x_dma.o(i.DMA_Cmd)
    i.DMA_GetITStatus                        0x08000f74   Section        0  stm32f10x_dma.o(i.DMA_GetITStatus)
    i.DMA_ITConfig                           0x08000fa0   Section        0  stm32f10x_dma.o(i.DMA_ITConfig)
    i.DMA_Init                               0x08000fb2   Section        0  stm32f10x_dma.o(i.DMA_Init)
    i.DMA_SetCurrDataCounter                 0x08000fee   Section        0  stm32f10x_dma.o(i.DMA_SetCurrDataCounter)
    i.DebugMon_Handler                       0x08000ff2   Section        0  stm32f10x_it.o(i.DebugMon_Handler)
    i.GPIO_Init                              0x08000ff4   Section        0  stm32f10x_gpio.o(i.GPIO_Init)
    i.GPIO_PinRemapConfig                    0x0800110c   Section        0  stm32f10x_gpio.o(i.GPIO_PinRemapConfig)
    i.GPIO_ReadInputDataBit                  0x0800119c   Section        0  stm32f10x_gpio.o(i.GPIO_ReadInputDataBit)
    i.GPIO_SetBits                           0x080011ae   Section        0  stm32f10x_gpio.o(i.GPIO_SetBits)
    i.HardFault_Handler                      0x080011b2   Section        0  stm32f10x_it.o(i.HardFault_Handler)
    i.IIC_Init                               0x080011b8   Section        0  iic.o(i.IIC_Init)
    i.LEDGamma                               0x080011f0   Section        0  ws2812b.o(i.LEDGamma)
    LEDGamma                                 0x080011f1   Thumb Code     8  ws2812b.o(i.LEDGamma)
    i.MemManage_Handler                      0x080011fc   Section        0  stm32f10x_it.o(i.MemManage_Handler)
    i.NMI_Handler                            0x08001200   Section        0  stm32f10x_it.o(i.NMI_Handler)
    i.NVIC_Init                              0x08001204   Section        0  misc.o(i.NVIC_Init)
    i.RCC_AHBPeriphClockCmd                  0x08001274   Section        0  stm32f10x_rcc.o(i.RCC_AHBPeriphClockCmd)
    i.RCC_APB1PeriphClockCmd                 0x08001294   Section        0  stm32f10x_rcc.o(i.RCC_APB1PeriphClockCmd)
    i.RCC_APB1PeriphResetCmd                 0x080012b4   Section        0  stm32f10x_rcc.o(i.RCC_APB1PeriphResetCmd)
    i.RCC_APB2PeriphClockCmd                 0x080012d4   Section        0  stm32f10x_rcc.o(i.RCC_APB2PeriphClockCmd)
    i.RGB2PWM                                0x080012f4   Section        0  ws2812b.o(i.RGB2PWM)
    RGB2PWM                                  0x080012f5   Thumb Code   112  ws2812b.o(i.RGB2PWM)
    i.SetSysClock                            0x08001364   Section        0  system_stm32f10x.o(i.SetSysClock)
    SetSysClock                              0x08001365   Thumb Code     8  system_stm32f10x.o(i.SetSysClock)
    i.SetSysClockTo72                        0x0800136c   Section        0  system_stm32f10x.o(i.SetSysClockTo72)
    SetSysClockTo72                          0x0800136d   Thumb Code   264  system_stm32f10x.o(i.SetSysClockTo72)
    i.SrcFilterNull                          0x08001484   Section        0  ws2812b.o(i.SrcFilterNull)
    SrcFilterNull                            0x08001485   Thumb Code    40  ws2812b.o(i.SrcFilterNull)
    i.SrcFilterRGB                           0x080014ac   Section        0  ws2812b.o(i.SrcFilterRGB)
    SrcFilterRGB                             0x080014ad   Thumb Code    64  ws2812b.o(i.SrcFilterRGB)
    i.SysTick_Handler                        0x080014ec   Section        0  port.o(i.SysTick_Handler)
    i.SystemInit                             0x08001520   Section        0  system_stm32f10x.o(i.SystemInit)
    i.TIM_Cmd                                0x0800158c   Section        0  stm32f10x_tim.o(i.TIM_Cmd)
    i.TIM_DMACmd                             0x080015a4   Section        0  stm32f10x_tim.o(i.TIM_DMACmd)
    i.TIM_OC4Init                            0x080015b8   Section        0  stm32f10x_tim.o(i.TIM_OC4Init)
    i.TIM_OC4PreloadConfig                   0x08001634   Section        0  stm32f10x_tim.o(i.TIM_OC4PreloadConfig)
    i.TIM_TimeBaseInit                       0x08001650   Section        0  stm32f10x_tim.o(i.TIM_TimeBaseInit)
    i.UsageFault_Handler                     0x080016f4   Section        0  stm32f10x_it.o(i.UsageFault_Handler)
    i.__random_r                             0x080016f8   Section        0  rand.o(i.__random_r)
    __random_r                               0x080016f9   Thumb Code    96  rand.o(i.__random_r)
    i.__scatterload_copy                     0x0800175c   Section       14  handlers.o(i.__scatterload_copy)
    i.__scatterload_null                     0x0800176a   Section        2  handlers.o(i.__scatterload_null)
    i.__scatterload_zeroinit                 0x0800176c   Section       14  handlers.o(i.__scatterload_zeroinit)
    i.at24qt_intit                           0x0800177c   Section        0  at24qtxx.o(i.at24qt_intit)
    i.at24qt_setMode                         0x080017c4   Section        0  at24qtxx.o(i.at24qt_setMode)
    i.canAppCb                               0x080017e8   Section        0  canapp.o(i.canAppCb)
    canAppCb                                 0x080017e9   Thumb Code    62  canapp.o(i.canAppCb)
    i.filterConfig                           0x0800182c   Section        0  can.o(i.filterConfig)
    filterConfig                             0x0800182d   Thumb Code   126  can.o(i.filterConfig)
    i.gpioInit                               0x080018aa   Section        0  gpioinit.o(i.gpioInit)
    i.gpioInit_A                             0x080018d0   Section        0  gpioinit.o(i.gpioInit_A)
    gpioInit_A                               0x080018d1   Thumb Code    32  gpioinit.o(i.gpioInit_A)
    i.gpioInit_B                             0x080018f4   Section        0  gpioinit.o(i.gpioInit_B)
    gpioInit_B                               0x080018f5   Thumb Code    42  gpioinit.o(i.gpioInit_B)
    i.gpioInit_C                             0x08001924   Section        0  gpioinit.o(i.gpioInit_C)
    gpioInit_C                               0x08001925   Thumb Code    54  gpioinit.o(i.gpioInit_C)
    i.gpioInit_D                             0x08001960   Section        0  gpioinit.o(i.gpioInit_D)
    gpioInit_D                               0x08001961   Thumb Code    72  gpioinit.o(i.gpioInit_D)
    i.gpioInit_E                             0x080019ac   Section        0  gpioinit.o(i.gpioInit_E)
    gpioInit_E                               0x080019ad   Thumb Code     2  gpioinit.o(i.gpioInit_E)
    i.gpioInit_F                             0x080019ae   Section        0  gpioinit.o(i.gpioInit_F)
    gpioInit_F                               0x080019af   Thumb Code     2  gpioinit.o(i.gpioInit_F)
    i.gpioInit_G                             0x080019b0   Section        0  gpioinit.o(i.gpioInit_G)
    gpioInit_G                               0x080019b1   Thumb Code     2  gpioinit.o(i.gpioInit_G)
    i.gpioRemap                              0x080019b4   Section        0  gpioinit.o(i.gpioRemap)
    gpioRemap                                0x080019b5   Thumb Code    22  gpioinit.o(i.gpioRemap)
    i.main                                   0x080019d0   Section        0  main.o(i.main)
    i.prvAddCurrentTaskToDelayedList         0x080019dc   Section        0  tasks.o(i.prvAddCurrentTaskToDelayedList)
    prvAddCurrentTaskToDelayedList           0x080019dd   Thumb Code   124  tasks.o(i.prvAddCurrentTaskToDelayedList)
    i.prvAddNewTaskToReadyList               0x08001a74   Section        0  tasks.o(i.prvAddNewTaskToReadyList)
    prvAddNewTaskToReadyList                 0x08001a75   Thumb Code   150  tasks.o(i.prvAddNewTaskToReadyList)
    i.prvCheckForValidListAndQueue           0x08001b28   Section        0  timers.o(i.prvCheckForValidListAndQueue)
    prvCheckForValidListAndQueue             0x08001b29   Thumb Code    56  timers.o(i.prvCheckForValidListAndQueue)
    i.prvCheckTasksWaitingTermination        0x08001b74   Section        0  tasks.o(i.prvCheckTasksWaitingTermination)
    prvCheckTasksWaitingTermination          0x08001b75   Thumb Code    60  tasks.o(i.prvCheckTasksWaitingTermination)
    i.prvCopyDataFromQueue                   0x08001bbc   Section        0  queue.o(i.prvCopyDataFromQueue)
    prvCopyDataFromQueue                     0x08001bbd   Thumb Code    42  queue.o(i.prvCopyDataFromQueue)
    i.prvCopyDataToQueue                     0x08001be6   Section        0  queue.o(i.prvCopyDataToQueue)
    prvCopyDataToQueue                       0x08001be7   Thumb Code   106  queue.o(i.prvCopyDataToQueue)
    i.prvDeleteTCB                           0x08001c50   Section        0  tasks.o(i.prvDeleteTCB)
    prvDeleteTCB                             0x08001c51   Thumb Code    18  tasks.o(i.prvDeleteTCB)
    i.prvGetNextExpireTime                   0x08001c64   Section        0  timers.o(i.prvGetNextExpireTime)
    prvGetNextExpireTime                     0x08001c65   Thumb Code    36  timers.o(i.prvGetNextExpireTime)
    i.prvHeapInit                            0x08001c8c   Section        0  heap_4.o(i.prvHeapInit)
    prvHeapInit                              0x08001c8d   Thumb Code    98  heap_4.o(i.prvHeapInit)
    i.prvIdleTask                            0x08001d08   Section        0  tasks.o(i.prvIdleTask)
    prvIdleTask                              0x08001d09   Thumb Code    36  tasks.o(i.prvIdleTask)
    i.prvInitialiseNewQueue                  0x08001d34   Section        0  queue.o(i.prvInitialiseNewQueue)
    prvInitialiseNewQueue                    0x08001d35   Thumb Code    38  queue.o(i.prvInitialiseNewQueue)
    i.prvInitialiseNewTask                   0x08001d5a   Section        0  tasks.o(i.prvInitialiseNewTask)
    prvInitialiseNewTask                     0x08001d5b   Thumb Code   128  tasks.o(i.prvInitialiseNewTask)
    i.prvInitialiseNewTimer                  0x08001dda   Section        0  timers.o(i.prvInitialiseNewTimer)
    prvInitialiseNewTimer                    0x08001ddb   Thumb Code    46  timers.o(i.prvInitialiseNewTimer)
    i.prvInitialiseTaskLists                 0x08001e08   Section        0  tasks.o(i.prvInitialiseTaskLists)
    prvInitialiseTaskLists                   0x08001e09   Thumb Code    70  tasks.o(i.prvInitialiseTaskLists)
    i.prvInsertBlockIntoFreeList             0x08001e70   Section        0  heap_4.o(i.prvInsertBlockIntoFreeList)
    prvInsertBlockIntoFreeList               0x08001e71   Thumb Code    96  heap_4.o(i.prvInsertBlockIntoFreeList)
    i.prvInsertTimerInActiveList             0x08001ed8   Section        0  timers.o(i.prvInsertTimerInActiveList)
    prvInsertTimerInActiveList               0x08001ed9   Thumb Code    80  timers.o(i.prvInsertTimerInActiveList)
    i.prvIsQueueEmpty                        0x08001f30   Section        0  queue.o(i.prvIsQueueEmpty)
    prvIsQueueEmpty                          0x08001f31   Thumb Code    26  queue.o(i.prvIsQueueEmpty)
    i.prvIsQueueFull                         0x08001f4a   Section        0  queue.o(i.prvIsQueueFull)
    prvIsQueueFull                           0x08001f4b   Thumb Code    30  queue.o(i.prvIsQueueFull)
    i.prvProcessExpiredTimer                 0x08001f68   Section        0  timers.o(i.prvProcessExpiredTimer)
    prvProcessExpiredTimer                   0x08001f69   Thumb Code    70  timers.o(i.prvProcessExpiredTimer)
    i.prvProcessReceivedCommands             0x08001fb4   Section        0  timers.o(i.prvProcessReceivedCommands)
    prvProcessReceivedCommands               0x08001fb5   Thumb Code   182  timers.o(i.prvProcessReceivedCommands)
    i.prvProcessTimerOrBlockTask             0x08002070   Section        0  timers.o(i.prvProcessTimerOrBlockTask)
    prvProcessTimerOrBlockTask               0x08002071   Thumb Code   102  timers.o(i.prvProcessTimerOrBlockTask)
    i.prvResetNextTaskUnblockTime            0x080020e4   Section        0  tasks.o(i.prvResetNextTaskUnblockTime)
    prvResetNextTaskUnblockTime              0x080020e5   Thumb Code    42  tasks.o(i.prvResetNextTaskUnblockTime)
    i.prvSampleTimeNow                       0x08002118   Section        0  timers.o(i.prvSampleTimeNow)
    prvSampleTimeNow                         0x08002119   Thumb Code    40  timers.o(i.prvSampleTimeNow)
    i.prvSwitchTimerLists                    0x08002144   Section        0  timers.o(i.prvSwitchTimerLists)
    prvSwitchTimerLists                      0x08002145   Thumb Code   122  timers.o(i.prvSwitchTimerLists)
    i.prvTaskExitError                       0x080021c8   Section        0  port.o(i.prvTaskExitError)
    prvTaskExitError                         0x080021c9   Thumb Code    22  port.o(i.prvTaskExitError)
    i.prvTimerTask                           0x080021de   Section        0  timers.o(i.prvTimerTask)
    prvTimerTask                             0x080021df   Thumb Code    30  timers.o(i.prvTimerTask)
    i.prvUnlockQueue                         0x080021fc   Section        0  queue.o(i.prvUnlockQueue)
    prvUnlockQueue                           0x080021fd   Thumb Code   126  queue.o(i.prvUnlockQueue)
    i.pvPortMalloc                           0x0800227c   Section        0  heap_4.o(i.pvPortMalloc)
    i.pxPortInitialiseStack                  0x0800234c   Section        0  port.o(i.pxPortInitialiseStack)
    i.rand                                   0x08002370   Section        0  rand.o(i.rand)
    i.sysclock_init                          0x0800238c   Section        0  sysclock.o(i.sysclock_init)
    i.uxListRemove                           0x080023b0   Section        0  list.o(i.uxListRemove)
    i.vApplicationDaemonTaskStartupHook      0x080023d8   Section        0  freertoshook.o(i.vApplicationDaemonTaskStartupHook)
    i.vApplicationIdleHook                   0x080023fa   Section        0  freertoshook.o(i.vApplicationIdleHook)
    i.vApplicationTickHook                   0x080023fc   Section        0  freertoshook.o(i.vApplicationTickHook)
    i.vListInitialise                        0x080023fe   Section        0  list.o(i.vListInitialise)
    i.vListInitialiseItem                    0x08002418   Section        0  list.o(i.vListInitialiseItem)
    i.vListInsert                            0x0800241e   Section        0  list.o(i.vListInsert)
    i.vListInsertEnd                         0x08002452   Section        0  list.o(i.vListInsertEnd)
    i.vPortEnterCritical                     0x0800246c   Section        0  port.o(i.vPortEnterCritical)
    i.vPortExitCritical                      0x08002490   Section        0  port.o(i.vPortExitCritical)
    i.vPortFree                              0x080024b0   Section        0  heap_4.o(i.vPortFree)
    i.vPortSetupTimerInterrupt               0x080024f8   Section        0  port.o(i.vPortSetupTimerInterrupt)
    i.vQueueWaitForMessageRestricted         0x08002510   Section        0  queue.o(i.vQueueWaitForMessageRestricted)
    i.vTaskDelay                             0x0800255c   Section        0  tasks.o(i.vTaskDelay)
    i.vTaskInternalSetTimeOutState           0x08002590   Section        0  tasks.o(i.vTaskInternalSetTimeOutState)
    i.vTaskMissedYield                       0x080025a8   Section        0  tasks.o(i.vTaskMissedYield)
    i.vTaskPlaceOnEventList                  0x080025b4   Section        0  tasks.o(i.vTaskPlaceOnEventList)
    i.vTaskPlaceOnEventListRestricted        0x080025d4   Section        0  tasks.o(i.vTaskPlaceOnEventListRestricted)
    i.vTaskStartScheduler                    0x080025fc   Section        0  tasks.o(i.vTaskStartScheduler)
    i.vTaskSuspendAll                        0x0800266c   Section        0  tasks.o(i.vTaskSuspendAll)
    i.vTaskSwitchContext                     0x0800267c   Section        0  tasks.o(i.vTaskSwitchContext)
    i.vTimerCallback                         0x080026dc   Section        0  at24qtxx.o(i.vTimerCallback)
    vTimerCallback                           0x080026dd   Thumb Code   278  at24qtxx.o(i.vTimerCallback)
    i.ws2812b_Init                           0x08002808   Section        0  ws2812b.o(i.ws2812b_Init)
    i.ws2812b_IsReady                        0x080028e0   Section        0  ws2812b.o(i.ws2812b_IsReady)
    i.ws2812b_SendRGB                        0x080028f4   Section        0  ws2812b.o(i.ws2812b_SendRGB)
    i.xPortStartScheduler                    0x0800290c   Section        0  port.o(i.xPortStartScheduler)
    i.xQueueGenericCreate                    0x08002940   Section        0  queue.o(i.xQueueGenericCreate)
    i.xQueueGenericReset                     0x08002978   Section        0  queue.o(i.xQueueGenericReset)
    i.xQueueGenericSend                      0x080029f8   Section        0  queue.o(i.xQueueGenericSend)
    i.xQueueGenericSendFromISR               0x08002b10   Section        0  queue.o(i.xQueueGenericSendFromISR)
    i.xQueueGiveFromISR                      0x08002b96   Section        0  queue.o(i.xQueueGiveFromISR)
    i.xQueueReceive                          0x08002c10   Section        0  queue.o(i.xQueueReceive)
    i.xQueueSemaphoreTake                    0x08002d14   Section        0  queue.o(i.xQueueSemaphoreTake)
    i.xTask                                  0x08002e04   Section        0  canapp.o(i.xTask)
    xTask                                    0x08002e05   Thumb Code    68  canapp.o(i.xTask)
    i.xTaskCheckForTimeOut                   0x08002e54   Section        0  tasks.o(i.xTaskCheckForTimeOut)
    i.xTaskCreate                            0x08002eb0   Section        0  tasks.o(i.xTaskCreate)
    i.xTaskGetSchedulerState                 0x08002f10   Section        0  tasks.o(i.xTaskGetSchedulerState)
    i.xTaskGetTickCount                      0x08002f30   Section        0  tasks.o(i.xTaskGetTickCount)
    i.xTaskIncrementTick                     0x08002f3c   Section        0  tasks.o(i.xTaskIncrementTick)
    i.xTaskRemoveFromEventList               0x08003064   Section        0  tasks.o(i.xTaskRemoveFromEventList)
    i.xTaskResumeAll                         0x080030e4   Section        0  tasks.o(i.xTaskResumeAll)
    i.xTimerCreate                           0x080031cc   Section        0  timers.o(i.xTimerCreate)
    i.xTimerCreateTimerTask                  0x080031fc   Section        0  timers.o(i.xTimerCreateTimerTask)
    i.xTimerGenericCommand                   0x08003238   Section        0  timers.o(i.xTimerGenericCommand)
    .constdata                               0x080032a4   Section      104  canapp.o(.constdata)
    CanAppEvtHandler                         0x080032a4   Data          12  canapp.o(.constdata)
    .constdata                               0x0800330c   Section      256  ws2812b.o(.constdata)
    LEDGammaTable                            0x0800330c   Data         256  ws2812b.o(.constdata)
    .constdata                               0x0800340c   Section        4  can.o(.constdata)
    baudList                                 0x0800340c   Data           4  can.o(.constdata)
    .data                                    0x20000000   Section       12  canapp.o(.data)
    xQueue                                   0x20000000   Data           4  canapp.o(.data)
    xSemphore                                0x20000004   Data           4  canapp.o(.data)
    selfId                                   0x20000008   Data           4  canapp.o(.data)
    .data                                    0x2000000c   Section       16  ws2812b.o(.data)
    DMABusy                                  0x2000000c   Data           4  ws2812b.o(.data)
    DMAFilter                                0x20000010   Data           4  ws2812b.o(.data)
    DMASrc                                   0x20000014   Data           4  ws2812b.o(.data)
    DMACount                                 0x20000018   Data           4  ws2812b.o(.data)
    .data                                    0x2000001c   Section        7  at24qtxx.o(.data)
    xTimers                                  0x2000001c   Data           4  at24qtxx.o(.data)
    touchButtonSta                           0x20000020   Data           1  at24qtxx.o(.data)
    debouching                               0x20000021   Data           1  at24qtxx.o(.data)
    count                                    0x20000022   Data           1  at24qtxx.o(.data)
    .data                                    0x20000024   Section      160  rand.o(.data)
    next_factor                              0x20000024   Data           4  rand.o(.data)
    randtbl                                  0x20000028   Data         128  rand.o(.data)
    unsafe_state                             0x200000a8   Data          28  rand.o(.data)
    .data                                    0x200000c4   Section        4  can.o(.data)
    pCanController                           0x200000c4   Data           4  can.o(.data)
    .data                                    0x200000c8   Section       20  system_stm32f10x.o(.data)
    .data                                    0x200000dc   Section       60  tasks.o(.data)
    pxDelayedTaskList                        0x200000e0   Data           4  tasks.o(.data)
    pxOverflowDelayedTaskList                0x200000e4   Data           4  tasks.o(.data)
    uxDeletedTasksWaitingCleanUp             0x200000e8   Data           4  tasks.o(.data)
    uxCurrentNumberOfTasks                   0x200000ec   Data           4  tasks.o(.data)
    xTickCount                               0x200000f0   Data           4  tasks.o(.data)
    uxTopReadyPriority                       0x200000f4   Data           4  tasks.o(.data)
    xSchedulerRunning                        0x200000f8   Data           4  tasks.o(.data)
    uxPendedTicks                            0x200000fc   Data           4  tasks.o(.data)
    xYieldPending                            0x20000100   Data           4  tasks.o(.data)
    xNumOfOverflows                          0x20000104   Data           4  tasks.o(.data)
    uxTaskNumber                             0x20000108   Data           4  tasks.o(.data)
    xNextTaskUnblockTime                     0x2000010c   Data           4  tasks.o(.data)
    xIdleTaskHandle                          0x20000110   Data           4  tasks.o(.data)
    uxSchedulerSuspended                     0x20000114   Data           4  tasks.o(.data)
    .data                                    0x20000118   Section       20  timers.o(.data)
    pxCurrentTimerList                       0x20000118   Data           4  timers.o(.data)
    pxOverflowTimerList                      0x2000011c   Data           4  timers.o(.data)
    xTimerQueue                              0x20000120   Data           4  timers.o(.data)
    xTimerTaskHandle                         0x20000124   Data           4  timers.o(.data)
    xLastTime                                0x20000128   Data           4  timers.o(.data)
    .data                                    0x2000012c   Section        4  port.o(.data)
    uxCriticalNesting                        0x2000012c   Data           4  port.o(.data)
    .data                                    0x20000130   Section       24  heap_4.o(.data)
    xStart                                   0x20000130   Data           8  heap_4.o(.data)
    pxEnd                                    0x20000138   Data           4  heap_4.o(.data)
    xFreeBytesRemaining                      0x2000013c   Data           4  heap_4.o(.data)
    xMinimumEverFreeBytesRemaining           0x20000140   Data           4  heap_4.o(.data)
    xBlockAllocatedBit                       0x20000144   Data           4  heap_4.o(.data)
    .bss                                     0x20000148   Section     2880  ws2812b.o(.bss)
    DMABuffer                                0x20000148   Data        2880  ws2812b.o(.bss)
    .bss                                     0x20000c88   Section       48  at24qtxx.o(.bss)
    .bss                                     0x20000cb8   Section       24  can.o(.bss)
    handler                                  0x20000cb8   Data          24  can.o(.bss)
    .bss                                     0x20000cd0   Section      200  tasks.o(.bss)
    pxReadyTasksLists                        0x20000cd0   Data         100  tasks.o(.bss)
    xDelayedTaskList1                        0x20000d34   Data          20  tasks.o(.bss)
    xDelayedTaskList2                        0x20000d48   Data          20  tasks.o(.bss)
    xPendingReadyList                        0x20000d5c   Data          20  tasks.o(.bss)
    xTasksWaitingTermination                 0x20000d70   Data          20  tasks.o(.bss)
    xSuspendedTaskList                       0x20000d84   Data          20  tasks.o(.bss)
    .bss                                     0x20000d98   Section       40  timers.o(.bss)
    xActiveTimerList1                        0x20000d98   Data          20  timers.o(.bss)
    xActiveTimerList2                        0x20000dac   Data          20  timers.o(.bss)
    .bss                                     0x20000dc0   Section    17408  heap_4.o(.bss)
    ucHeap                                   0x20000dc0   Data       17408  heap_4.o(.bss)
    STACK                                    0x200051c0   Section     1024  startup_stm32f10x_cl.o(STACK)

    Global Symbols

    Symbol Name                              Value     Ov Type        Size  Object(Section)

    BuildAttributes$$THM_ISAv4$P$D$K$B$S$PE$A:L22UL41UL21$X:L11$S22US41US21$IEEE1$IW$USESV6$~STKCKD$USESV7$~SHL$OSPACE$EBA8$MICROLIB$REQ8$PRES8$EABIv2 0x00000000   Number         0  anon$$obj.o ABSOLUTE
    __ARM_use_no_argv                        0x00000000   Number         0  main.o ABSOLUTE
    __cpp_initialize__aeabi_                  - Undefined Weak Reference
    __cxa_finalize                            - Undefined Weak Reference
    _clock_init                               - Undefined Weak Reference
    _microlib_exit                            - Undefined Weak Reference
    __Vectors_Size                           0x00000150   Number         0  startup_stm32f10x_cl.o ABSOLUTE
    __Vectors                                0x08000000   Data           4  startup_stm32f10x_cl.o(RESET)
    __Vectors_End                            0x08000150   Data           0  startup_stm32f10x_cl.o(RESET)
    __main                                   0x08000151   Thumb Code     0  entry.o(.ARM.Collect$$$$00000000)
    _main_stk                                0x08000151   Thumb Code     0  entry2.o(.ARM.Collect$$$$00000001)
    _main_scatterload                        0x08000155   Thumb Code     0  entry5.o(.ARM.Collect$$$$00000004)
    __main_after_scatterload                 0x08000159   Thumb Code     0  entry5.o(.ARM.Collect$$$$00000004)
    _main_clock                              0x08000159   Thumb Code     0  entry7b.o(.ARM.Collect$$$$00000008)
    _main_cpp_init                           0x08000159   Thumb Code     0  entry8b.o(.ARM.Collect$$$$0000000A)
    _main_init                               0x08000159   Thumb Code     0  entry9a.o(.ARM.Collect$$$$0000000B)
    __rt_final_cpp                           0x08000161   Thumb Code     0  entry10a.o(.ARM.Collect$$$$0000000D)
    __rt_final_exit                          0x08000161   Thumb Code     0  entry11a.o(.ARM.Collect$$$$0000000F)
    SVC_Handler                              0x08000165   Thumb Code    32  port.o(.emb_text)
    __asm___6_port_c_39a90d8d__prvStartFirstTask 0x08000189   Thumb Code    28  port.o(.emb_text)
    PendSV_Handler                           0x080001a9   Thumb Code    72  port.o(.emb_text)
    vPortGetIPSR                             0x080001f5   Thumb Code     6  port.o(.emb_text)
    Reset_Handler                            0x080001fd   Thumb Code     8  startup_stm32f10x_cl.o(.text)
    ADC1_2_IRQHandler                        0x08000217   Thumb Code     0  startup_stm32f10x_cl.o(.text)
    DMA1_Channel1_IRQHandler                 0x08000217   Thumb Code     0  startup_stm32f10x_cl.o(.text)
    DMA1_Channel2_IRQHandler                 0x08000217   Thumb Code     0  startup_stm32f10x_cl.o(.text)
    DMA1_Channel3_IRQHandler                 0x08000217   Thumb Code     0  startup_stm32f10x_cl.o(.text)
    DMA1_Channel4_IRQHandler                 0x08000217   Thumb Code     0  startup_stm32f10x_cl.o(.text)
    DMA1_Channel5_IRQHandler                 0x08000217   Thumb Code     0  startup_stm32f10x_cl.o(.text)
    DMA1_Channel6_IRQHandler                 0x08000217   Thumb Code     0  startup_stm32f10x_cl.o(.text)
    DMA2_Channel1_IRQHandler                 0x08000217   Thumb Code     0  startup_stm32f10x_cl.o(.text)
    DMA2_Channel2_IRQHandler                 0x08000217   Thumb Code     0  startup_stm32f10x_cl.o(.text)
    DMA2_Channel3_IRQHandler                 0x08000217   Thumb Code     0  startup_stm32f10x_cl.o(.text)
    DMA2_Channel4_IRQHandler                 0x08000217   Thumb Code     0  startup_stm32f10x_cl.o(.text)
    DMA2_Channel5_IRQHandler                 0x08000217   Thumb Code     0  startup_stm32f10x_cl.o(.text)
    ETH_IRQHandler                           0x08000217   Thumb Code     0  startup_stm32f10x_cl.o(.text)
    ETH_WKUP_IRQHandler                      0x08000217   Thumb Code     0  startup_stm32f10x_cl.o(.text)
    EXTI0_IRQHandler                         0x08000217   Thumb Code     0  startup_stm32f10x_cl.o(.text)
    EXTI15_10_IRQHandler                     0x08000217   Thumb Code     0  startup_stm32f10x_cl.o(.text)
    EXTI1_IRQHandler                         0x08000217   Thumb Code     0  startup_stm32f10x_cl.o(.text)
    EXTI2_IRQHandler                         0x08000217   Thumb Code     0  startup_stm32f10x_cl.o(.text)
    EXTI3_IRQHandler                         0x08000217   Thumb Code     0  startup_stm32f10x_cl.o(.text)
    EXTI4_IRQHandler                         0x08000217   Thumb Code     0  startup_stm32f10x_cl.o(.text)
    EXTI9_5_IRQHandler                       0x08000217   Thumb Code     0  startup_stm32f10x_cl.o(.text)
    FLASH_IRQHandler                         0x08000217   Thumb Code     0  startup_stm32f10x_cl.o(.text)
    I2C1_ER_IRQHandler                       0x08000217   Thumb Code     0  startup_stm32f10x_cl.o(.text)
    I2C1_EV_IRQHandler                       0x08000217   Thumb Code     0  startup_stm32f10x_cl.o(.text)
    I2C2_ER_IRQHandler                       0x08000217   Thumb Code     0  startup_stm32f10x_cl.o(.text)
    I2C2_EV_IRQHandler                       0x08000217   Thumb Code     0  startup_stm32f10x_cl.o(.text)
    OTG_FS_IRQHandler                        0x08000217   Thumb Code     0  startup_stm32f10x_cl.o(.text)
    OTG_FS_WKUP_IRQHandler                   0x08000217   Thumb Code     0  startup_stm32f10x_cl.o(.text)
    PVD_IRQHandler                           0x08000217   Thumb Code     0  startup_stm32f10x_cl.o(.text)
    RCC_IRQHandler                           0x08000217   Thumb Code     0  startup_stm32f10x_cl.o(.text)
    RTCAlarm_IRQHandler                      0x08000217   Thumb Code     0  startup_stm32f10x_cl.o(.text)
    RTC_IRQHandler                           0x08000217   Thumb Code     0  startup_stm32f10x_cl.o(.text)
    SPI1_IRQHandler                          0x08000217   Thumb Code     0  startup_stm32f10x_cl.o(.text)
    SPI2_IRQHandler                          0x08000217   Thumb Code     0  startup_stm32f10x_cl.o(.text)
    SPI3_IRQHandler                          0x08000217   Thumb Code     0  startup_stm32f10x_cl.o(.text)
    TAMPER_IRQHandler                        0x08000217   Thumb Code     0  startup_stm32f10x_cl.o(.text)
    TIM1_BRK_IRQHandler                      0x08000217   Thumb Code     0  startup_stm32f10x_cl.o(.text)
    TIM1_CC_IRQHandler                       0x08000217   Thumb Code     0  startup_stm32f10x_cl.o(.text)
    TIM1_TRG_COM_IRQHandler                  0x08000217   Thumb Code     0  startup_stm32f10x_cl.o(.text)
    TIM1_UP_IRQHandler                       0x08000217   Thumb Code     0  startup_stm32f10x_cl.o(.text)
    TIM2_IRQHandler                          0x08000217   Thumb Code     0  startup_stm32f10x_cl.o(.text)
    TIM3_IRQHandler                          0x08000217   Thumb Code     0  startup_stm32f10x_cl.o(.text)
    TIM4_IRQHandler                          0x08000217   Thumb Code     0  startup_stm32f10x_cl.o(.text)
    TIM5_IRQHandler                          0x08000217   Thumb Code     0  startup_stm32f10x_cl.o(.text)
    TIM6_IRQHandler                          0x08000217   Thumb Code     0  startup_stm32f10x_cl.o(.text)
    TIM7_IRQHandler                          0x08000217   Thumb Code     0  startup_stm32f10x_cl.o(.text)
    UART4_IRQHandler                         0x08000217   Thumb Code     0  startup_stm32f10x_cl.o(.text)
    UART5_IRQHandler                         0x08000217   Thumb Code     0  startup_stm32f10x_cl.o(.text)
    USART1_IRQHandler                        0x08000217   Thumb Code     0  startup_stm32f10x_cl.o(.text)
    USART2_IRQHandler                        0x08000217   Thumb Code     0  startup_stm32f10x_cl.o(.text)
    USART3_IRQHandler                        0x08000217   Thumb Code     0  startup_stm32f10x_cl.o(.text)
    WWDG_IRQHandler                          0x08000217   Thumb Code     0  startup_stm32f10x_cl.o(.text)
    __aeabi_memcpy                           0x08000221   Thumb Code    36  memcpya.o(.text)
    __aeabi_memcpy4                          0x08000221   Thumb Code     0  memcpya.o(.text)
    __aeabi_memcpy8                          0x08000221   Thumb Code     0  memcpya.o(.text)
    __aeabi_memset                           0x08000245   Thumb Code    14  memseta.o(.text)
    __aeabi_memset4                          0x08000245   Thumb Code     0  memseta.o(.text)
    __aeabi_memset8                          0x08000245   Thumb Code     0  memseta.o(.text)
    __aeabi_memclr                           0x08000253   Thumb Code     4  memseta.o(.text)
    __aeabi_memclr4                          0x08000253   Thumb Code     0  memseta.o(.text)
    __aeabi_memclr8                          0x08000253   Thumb Code     0  memseta.o(.text)
    _memset$wrapper                          0x08000257   Thumb Code    18  memseta.o(.text)
    __scatterload                            0x08000269   Thumb Code    28  init.o(.text)
    __scatterload_rt2                        0x08000269   Thumb Code     0  init.o(.text)
    __decompress                             0x0800028d   Thumb Code     0  __dczerorl2.o(.text)
    __decompress1                            0x0800028d   Thumb Code    86  __dczerorl2.o(.text)
    BusFault_Handler                         0x080002e3   Thumb Code     4  stm32f10x_it.o(i.BusFault_Handler)
    CAN1_RX0_IRQHandler                      0x080002e9   Thumb Code   190  can.o(i.CAN1_RX0_IRQHandler)
    CAN1_RX1_IRQHandler                      0x080003b1   Thumb Code     2  can.o(i.CAN1_RX1_IRQHandler)
    CAN1_SCE_IRQHandler                      0x080003b5   Thumb Code    38  can.o(i.CAN1_SCE_IRQHandler)
    CAN1_TX_IRQHandler                       0x080003e5   Thumb Code    38  can.o(i.CAN1_TX_IRQHandler)
    CAN2_RX0_IRQHandler                      0x08000415   Thumb Code     2  can.o(i.CAN2_RX0_IRQHandler)
    CAN2_RX1_IRQHandler                      0x08000417   Thumb Code     2  can.o(i.CAN2_RX1_IRQHandler)
    CAN2_SCE_IRQHandler                      0x08000419   Thumb Code     2  can.o(i.CAN2_SCE_IRQHandler)
    CAN2_TX_IRQHandler                       0x0800041b   Thumb Code     2  can.o(i.CAN2_TX_IRQHandler)
    CAN_ClearITPendingBit                    0x0800041d   Thumb Code   162  stm32f10x_can.o(i.CAN_ClearITPendingBit)
    CAN_FilterInit                           0x080004c5   Thumb Code   258  stm32f10x_can.o(i.CAN_FilterInit)
    CAN_GetITStatus                          0x080005cd   Thumb Code   284  stm32f10x_can.o(i.CAN_GetITStatus)
    CAN_ITConfig                             0x080006ed   Thumb Code    18  stm32f10x_can.o(i.CAN_ITConfig)
    CAN_Init                                 0x080006ff   Thumb Code   276  stm32f10x_can.o(i.CAN_Init)
    CAN_Receive                              0x08000813   Thumb Code   240  stm32f10x_can.o(i.CAN_Receive)
    CAN_Transmit                             0x08000903   Thumb Code   294  stm32f10x_can.o(i.CAN_Transmit)
    CanAppInit                               0x08000a4d   Thumb Code   124  canapp.o(i.CanAppInit)
    CanDeinit                                0x08000b61   Thumb Code    72  can.o(i.CanDeinit)
    CanGet_MSG                               0x08000bb5   Thumb Code    64  can.o(i.CanGet_MSG)
    CanInit                                  0x08000bf9   Thumb Code   222  can.o(i.CanInit)
    CanSend_MSG                              0x08000ce5   Thumb Code   154  can.o(i.CanSend_MSG)
    DMA1_Channel7_IRQHandler                 0x08000d99   Thumb Code    58  ws2812b.o(i.DMA1_Channel7_IRQHandler)
    DMA_ClearITPendingBit                    0x08000f41   Thumb Code    18  stm32f10x_dma.o(i.DMA_ClearITPendingBit)
    DMA_Cmd                                  0x08000f5d   Thumb Code    24  stm32f10x_dma.o(i.DMA_Cmd)
    DMA_GetITStatus                          0x08000f75   Thumb Code    36  stm32f10x_dma.o(i.DMA_GetITStatus)
    DMA_ITConfig                             0x08000fa1   Thumb Code    18  stm32f10x_dma.o(i.DMA_ITConfig)
    DMA_Init                                 0x08000fb3   Thumb Code    60  stm32f10x_dma.o(i.DMA_Init)
    DMA_SetCurrDataCounter                   0x08000fef   Thumb Code     4  stm32f10x_dma.o(i.DMA_SetCurrDataCounter)
    DebugMon_Handler                         0x08000ff3   Thumb Code     2  stm32f10x_it.o(i.DebugMon_Handler)
    GPIO_Init                                0x08000ff5   Thumb Code   278  stm32f10x_gpio.o(i.GPIO_Init)
    GPIO_PinRemapConfig                      0x0800110d   Thumb Code   138  stm32f10x_gpio.o(i.GPIO_PinRemapConfig)
    GPIO_ReadInputDataBit                    0x0800119d   Thumb Code    18  stm32f10x_gpio.o(i.GPIO_ReadInputDataBit)
    GPIO_SetBits                             0x080011af   Thumb Code     4  stm32f10x_gpio.o(i.GPIO_SetBits)
    HardFault_Handler                        0x080011b3   Thumb Code     4  stm32f10x_it.o(i.HardFault_Handler)
    IIC_Init                                 0x080011b9   Thumb Code    50  iic.o(i.IIC_Init)
    MemManage_Handler                        0x080011fd   Thumb Code     4  stm32f10x_it.o(i.MemManage_Handler)
    NMI_Handler                              0x08001201   Thumb Code     2  stm32f10x_it.o(i.NMI_Handler)
    NVIC_Init                                0x08001205   Thumb Code   100  misc.o(i.NVIC_Init)
    RCC_AHBPeriphClockCmd                    0x08001275   Thumb Code    26  stm32f10x_rcc.o(i.RCC_AHBPeriphClockCmd)
    RCC_APB1PeriphClockCmd                   0x08001295   Thumb Code    26  stm32f10x_rcc.o(i.RCC_APB1PeriphClockCmd)
    RCC_APB1PeriphResetCmd                   0x080012b5   Thumb Code    26  stm32f10x_rcc.o(i.RCC_APB1PeriphResetCmd)
    RCC_APB2PeriphClockCmd                   0x080012d5   Thumb Code    26  stm32f10x_rcc.o(i.RCC_APB2PeriphClockCmd)
    SysTick_Handler                          0x080014ed   Thumb Code    46  port.o(i.SysTick_Handler)
    SystemInit                               0x08001521   Thumb Code    92  system_stm32f10x.o(i.SystemInit)
    TIM_Cmd                                  0x0800158d   Thumb Code    24  stm32f10x_tim.o(i.TIM_Cmd)
    TIM_DMACmd                               0x080015a5   Thumb Code    18  stm32f10x_tim.o(i.TIM_DMACmd)
    TIM_OC4Init                              0x080015b9   Thumb Code   114  stm32f10x_tim.o(i.TIM_OC4Init)
    TIM_OC4PreloadConfig                     0x08001635   Thumb Code    26  stm32f10x_tim.o(i.TIM_OC4PreloadConfig)
    TIM_TimeBaseInit                         0x08001651   Thumb Code   122  stm32f10x_tim.o(i.TIM_TimeBaseInit)
    UsageFault_Handler                       0x080016f5   Thumb Code     4  stm32f10x_it.o(i.UsageFault_Handler)
    __scatterload_copy                       0x0800175d   Thumb Code    14  handlers.o(i.__scatterload_copy)
    __scatterload_null                       0x0800176b   Thumb Code     2  handlers.o(i.__scatterload_null)
    __scatterload_zeroinit                   0x0800176d   Thumb Code    14  handlers.o(i.__scatterload_zeroinit)
    at24qt_intit                             0x0800177d   Thumb Code    48  at24qtxx.o(i.at24qt_intit)
    at24qt_setMode                           0x080017c5   Thumb Code    30  at24qtxx.o(i.at24qt_setMode)
    gpioInit                                 0x080018ab   Thumb Code    36  gpioinit.o(i.gpioInit)
    main                                     0x080019d1   Thumb Code    10  main.o(i.main)
    pvPortMalloc                             0x0800227d   Thumb Code   188  heap_4.o(i.pvPortMalloc)
    pxPortInitialiseStack                    0x0800234d   Thumb Code    30  port.o(i.pxPortInitialiseStack)
    rand                                     0x08002371   Thumb Code    20  rand.o(i.rand)
    sysclock_init                            0x0800238d   Thumb Code    30  sysclock.o(i.sysclock_init)
    uxListRemove                             0x080023b1   Thumb Code    40  list.o(i.uxListRemove)
    vApplicationDaemonTaskStartupHook        0x080023d9   Thumb Code    34  freertoshook.o(i.vApplicationDaemonTaskStartupHook)
    vApplicationIdleHook                     0x080023fb   Thumb Code     2  freertoshook.o(i.vApplicationIdleHook)
    vApplicationTickHook                     0x080023fd   Thumb Code     2  freertoshook.o(i.vApplicationTickHook)
    vListInitialise                          0x080023ff   Thumb Code    26  list.o(i.vListInitialise)
    vListInitialiseItem                      0x08002419   Thumb Code     6  list.o(i.vListInitialiseItem)
    vListInsert                              0x0800241f   Thumb Code    52  list.o(i.vListInsert)
    vListInsertEnd                           0x08002453   Thumb Code    24  list.o(i.vListInsertEnd)
    vPortEnterCritical                       0x0800246d   Thumb Code    30  port.o(i.vPortEnterCritical)
    vPortExitCritical                        0x08002491   Thumb Code    28  port.o(i.vPortExitCritical)
    vPortFree                                0x080024b1   Thumb Code    64  heap_4.o(i.vPortFree)
    vPortSetupTimerInterrupt                 0x080024f9   Thumb Code    20  port.o(i.vPortSetupTimerInterrupt)
    vQueueWaitForMessageRestricted           0x08002511   Thumb Code    74  queue.o(i.vQueueWaitForMessageRestricted)
    vTaskDelay                               0x0800255d   Thumb Code    46  tasks.o(i.vTaskDelay)
    vTaskInternalSetTimeOutState             0x08002591   Thumb Code    14  tasks.o(i.vTaskInternalSetTimeOutState)
    vTaskMissedYield                         0x080025a9   Thumb Code     8  tasks.o(i.vTaskMissedYield)
    vTaskPlaceOnEventList                    0x080025b5   Thumb Code    28  tasks.o(i.vTaskPlaceOnEventList)
    vTaskPlaceOnEventListRestricted          0x080025d5   Thumb Code    36  tasks.o(i.vTaskPlaceOnEventListRestricted)
    vTaskStartScheduler                      0x080025fd   Thumb Code    82  tasks.o(i.vTaskStartScheduler)
    vTaskSuspendAll                          0x0800266d   Thumb Code    12  tasks.o(i.vTaskSuspendAll)
    vTaskSwitchContext                       0x0800267d   Thumb Code    76  tasks.o(i.vTaskSwitchContext)
    ws2812b_Init                             0x08002809   Thumb Code   196  ws2812b.o(i.ws2812b_Init)
    ws2812b_IsReady                          0x080028e1   Thumb Code    14  ws2812b.o(i.ws2812b_IsReady)
    ws2812b_SendRGB                          0x080028f5   Thumb Code    18  ws2812b.o(i.ws2812b_SendRGB)
    xPortStartScheduler                      0x0800290d   Thumb Code    42  port.o(i.xPortStartScheduler)
    xQueueGenericCreate                      0x08002941   Thumb Code    56  queue.o(i.xQueueGenericCreate)
    xQueueGenericReset                       0x08002979   Thumb Code   122  queue.o(i.xQueueGenericReset)
    xQueueGenericSend                        0x080029f9   Thumb Code   276  queue.o(i.xQueueGenericSend)
    xQueueGenericSendFromISR                 0x08002b11   Thumb Code   134  queue.o(i.xQueueGenericSendFromISR)
    xQueueGiveFromISR                        0x08002b97   Thumb Code   120  queue.o(i.xQueueGiveFromISR)
    xQueueReceive                            0x08002c11   Thumb Code   256  queue.o(i.xQueueReceive)
    xQueueSemaphoreTake                      0x08002d15   Thumb Code   234  queue.o(i.xQueueSemaphoreTake)
    xTaskCheckForTimeOut                     0x08002e55   Thumb Code    84  tasks.o(i.xTaskCheckForTimeOut)
    xTaskCreate                              0x08002eb1   Thumb Code    96  tasks.o(i.xTaskCreate)
    xTaskGetSchedulerState                   0x08002f11   Thumb Code    24  tasks.o(i.xTaskGetSchedulerState)
    xTaskGetTickCount                        0x08002f31   Thumb Code     6  tasks.o(i.xTaskGetTickCount)
    xTaskIncrementTick                       0x08002f3d   Thumb Code   252  tasks.o(i.xTaskIncrementTick)
    xTaskRemoveFromEventList                 0x08003065   Thumb Code   104  tasks.o(i.xTaskRemoveFromEventList)
    xTaskResumeAll                           0x080030e5   Thumb Code   196  tasks.o(i.xTaskResumeAll)
    xTimerCreate                             0x080031cd   Thumb Code    48  timers.o(i.xTimerCreate)
    xTimerCreateTimerTask                    0x080031fd   Thumb Code    40  timers.o(i.xTimerCreateTimerTask)
    xTimerGenericCommand                     0x08003239   Thumb Code   102  timers.o(i.xTimerGenericCommand)
    CanAppHandler                            0x080032b0   Data           2  canapp.o(.constdata)
    canFirlter                               0x080032b4   Data          64  canapp.o(.constdata)
    firlterList                              0x080032f4   Data           8  canapp.o(.constdata)
    Region$$Table$$Base                      0x08003410   Number         0  anon$$obj.o(Region$$Table)
    Region$$Table$$Limit                     0x08003430   Number         0  anon$$obj.o(Region$$Table)
    SystemCoreClock                          0x200000c8   Data           4  system_stm32f10x.o(.data)
    AHBPrescTable                            0x200000cc   Data          16  system_stm32f10x.o(.data)
    pxCurrentTCB                             0x200000dc   Data           4  tasks.o(.data)
    leds                                     0x20000c88   Data          48  at24qtxx.o(.bss)
    __initial_sp                             0x200055c0   Data           0  startup_stm32f10x_cl.o(STACK)



==============================================================================

Memory Map of the image

  Image Entry point : 0x08000151

  Load Region LR_IROM1 (Base: 0x08000000, Size: 0x00003578, Max: 0x00040000, ABSOLUTE, COMPRESSED[0x000034d8])

    Execution Region ER_IROM1 (Exec base: 0x08000000, Load base: 0x08000000, Size: 0x00003430, Max: 0x00040000, ABSOLUTE)

    Exec Addr    Load Addr    Size         Type   Attr      Idx    E Section Name        Object

    0x08000000   0x08000000   0x00000150   Data   RO          823    RESET               startup_stm32f10x_cl.o
    0x08000150   0x08000150   0x00000000   Code   RO         4897  * .ARM.Collect$$$$00000000  mc_w.l(entry.o)
    0x08000150   0x08000150   0x00000004   Code   RO         4906    .ARM.Collect$$$$00000001  mc_w.l(entry2.o)
    0x08000154   0x08000154   0x00000004   Code   RO         4909    .ARM.Collect$$$$00000004  mc_w.l(entry5.o)
    0x08000158   0x08000158   0x00000000   Code   RO         4911    .ARM.Collect$$$$00000008  mc_w.l(entry7b.o)
    0x08000158   0x08000158   0x00000000   Code   RO         4913    .ARM.Collect$$$$0000000A  mc_w.l(entry8b.o)
    0x08000158   0x08000158   0x00000008   Code   RO         4914    .ARM.Collect$$$$0000000B  mc_w.l(entry9a.o)
    0x08000160   0x08000160   0x00000000   Code   RO         4916    .ARM.Collect$$$$0000000D  mc_w.l(entry10a.o)
    0x08000160   0x08000160   0x00000000   Code   RO         4918    .ARM.Collect$$$$0000000F  mc_w.l(entry11a.o)
    0x08000160   0x08000160   0x00000004   Code   RO         4907    .ARM.Collect$$$$00002712  mc_w.l(entry2.o)
    0x08000164   0x08000164   0x00000096   Code   RO         4720    .emb_text           port.o
    0x080001fa   0x080001fa   0x00000002   PAD
    0x080001fc   0x080001fc   0x00000024   Code   RO          824    .text               startup_stm32f10x_cl.o
    0x08000220   0x08000220   0x00000024   Code   RO         4900    .text               mc_w.l(memcpya.o)
    0x08000244   0x08000244   0x00000024   Code   RO         4902    .text               mc_w.l(memseta.o)
    0x08000268   0x08000268   0x00000024   Code   RO         4920    .text               mc_w.l(init.o)
    0x0800028c   0x0800028c   0x00000056   Code   RO         4930    .text               mc_w.l(__dczerorl2.o)
    0x080002e2   0x080002e2   0x00000004   Code   RO           48    i.BusFault_Handler  stm32f10x_it.o
    0x080002e6   0x080002e6   0x00000002   PAD
    0x080002e8   0x080002e8   0x000000c8   Code   RO          625    i.CAN1_RX0_IRQHandler  can.o
    0x080003b0   0x080003b0   0x00000002   Code   RO          626    i.CAN1_RX1_IRQHandler  can.o
    0x080003b2   0x080003b2   0x00000002   PAD
    0x080003b4   0x080003b4   0x00000030   Code   RO          627    i.CAN1_SCE_IRQHandler  can.o
    0x080003e4   0x080003e4   0x00000030   Code   RO          628    i.CAN1_TX_IRQHandler  can.o
    0x08000414   0x08000414   0x00000002   Code   RO          629    i.CAN2_RX0_IRQHandler  can.o
    0x08000416   0x08000416   0x00000002   Code   RO          630    i.CAN2_RX1_IRQHandler  can.o
    0x08000418   0x08000418   0x00000002   Code   RO          631    i.CAN2_SCE_IRQHandler  can.o
    0x0800041a   0x0800041a   0x00000002   Code   RO          632    i.CAN2_TX_IRQHandler  can.o
    0x0800041c   0x0800041c   0x000000a8   Code   RO         1174    i.CAN_ClearITPendingBit  stm32f10x_can.o
    0x080004c4   0x080004c4   0x00000108   Code   RO         1178    i.CAN_FilterInit    stm32f10x_can.o
    0x080005cc   0x080005cc   0x00000120   Code   RO         1180    i.CAN_GetITStatus   stm32f10x_can.o
    0x080006ec   0x080006ec   0x00000012   Code   RO         1184    i.CAN_ITConfig      stm32f10x_can.o
    0x080006fe   0x080006fe   0x00000114   Code   RO         1185    i.CAN_Init          stm32f10x_can.o
    0x08000812   0x08000812   0x000000f0   Code   RO         1188    i.CAN_Receive       stm32f10x_can.o
    0x08000902   0x08000902   0x00000126   Code   RO         1193    i.CAN_Transmit      stm32f10x_can.o
    0x08000a28   0x08000a28   0x00000024   Code   RO          176    i.CanAppBuffOffHanlder  canapp.o
    0x08000a4c   0x08000a4c   0x000000a8   Code   RO          177    i.CanAppInit        canapp.o
    0x08000af4   0x08000af4   0x00000012   Code   RO          178    i.CanAppReceiveMsgHandler  canapp.o
    0x08000b06   0x08000b06   0x00000002   PAD
    0x08000b08   0x08000b08   0x00000044   Code   RO          179    i.CanAppSendMsg     canapp.o
    0x08000b4c   0x08000b4c   0x00000014   Code   RO          180    i.CanAppTxCompleteHalder  canapp.o
    0x08000b60   0x08000b60   0x00000054   Code   RO          633    i.CanDeinit         can.o
    0x08000bb4   0x08000bb4   0x00000044   Code   RO          634    i.CanGet_MSG        can.o
    0x08000bf8   0x08000bf8   0x000000ec   Code   RO          635    i.CanInit           can.o
    0x08000ce4   0x08000ce4   0x000000a0   Code   RO          636    i.CanSend_MSG       can.o
    0x08000d84   0x08000d84   0x00000012   Code   RO         1196    i.CheckITStatus     stm32f10x_can.o
    0x08000d96   0x08000d96   0x00000002   PAD
    0x08000d98   0x08000d98   0x00000044   Code   RO          298    i.DMA1_Channel7_IRQHandler  ws2812b.o
    0x08000ddc   0x08000ddc   0x000000bc   Code   RO          299    i.DMASend           ws2812b.o
    0x08000e98   0x08000e98   0x000000a8   Code   RO          300    i.DMASendNext       ws2812b.o
    0x08000f40   0x08000f40   0x0000001c   Code   RO         1562    i.DMA_ClearITPendingBit  stm32f10x_dma.o
    0x08000f5c   0x08000f5c   0x00000018   Code   RO         1563    i.DMA_Cmd           stm32f10x_dma.o
    0x08000f74   0x08000f74   0x0000002c   Code   RO         1567    i.DMA_GetITStatus   stm32f10x_dma.o
    0x08000fa0   0x08000fa0   0x00000012   Code   RO         1568    i.DMA_ITConfig      stm32f10x_dma.o
    0x08000fb2   0x08000fb2   0x0000003c   Code   RO         1569    i.DMA_Init          stm32f10x_dma.o
    0x08000fee   0x08000fee   0x00000004   Code   RO         1570    i.DMA_SetCurrDataCounter  stm32f10x_dma.o
    0x08000ff2   0x08000ff2   0x00000002   Code   RO           49    i.DebugMon_Handler  stm32f10x_it.o
    0x08000ff4   0x08000ff4   0x00000116   Code   RO         1987    i.GPIO_Init         stm32f10x_gpio.o
    0x0800110a   0x0800110a   0x00000002   PAD
    0x0800110c   0x0800110c   0x00000090   Code   RO         1989    i.GPIO_PinRemapConfig  stm32f10x_gpio.o
    0x0800119c   0x0800119c   0x00000012   Code   RO         1991    i.GPIO_ReadInputDataBit  stm32f10x_gpio.o
    0x080011ae   0x080011ae   0x00000004   Code   RO         1995    i.GPIO_SetBits      stm32f10x_gpio.o
    0x080011b2   0x080011b2   0x00000004   Code   RO           50    i.HardFault_Handler  stm32f10x_it.o
    0x080011b6   0x080011b6   0x00000002   PAD
    0x080011b8   0x080011b8   0x00000038   Code   RO          572    i.IIC_Init          iic.o
    0x080011f0   0x080011f0   0x0000000c   Code   RO          301    i.LEDGamma          ws2812b.o
    0x080011fc   0x080011fc   0x00000004   Code   RO           51    i.MemManage_Handler  stm32f10x_it.o
    0x08001200   0x08001200   0x00000002   Code   RO           52    i.NMI_Handler       stm32f10x_it.o
    0x08001202   0x08001202   0x00000002   PAD
    0x08001204   0x08001204   0x00000070   Code   RO         3857    i.NVIC_Init         misc.o
    0x08001274   0x08001274   0x00000020   Code   RO         2402    i.RCC_AHBPeriphClockCmd  stm32f10x_rcc.o
    0x08001294   0x08001294   0x00000020   Code   RO         2404    i.RCC_APB1PeriphClockCmd  stm32f10x_rcc.o
    0x080012b4   0x080012b4   0x00000020   Code   RO         2405    i.RCC_APB1PeriphResetCmd  stm32f10x_rcc.o
    0x080012d4   0x080012d4   0x00000020   Code   RO         2406    i.RCC_APB2PeriphClockCmd  stm32f10x_rcc.o
    0x080012f4   0x080012f4   0x00000070   Code   RO          302    i.RGB2PWM           ws2812b.o
    0x08001364   0x08001364   0x00000008   Code   RO          828    i.SetSysClock       system_stm32f10x.o
    0x0800136c   0x0800136c   0x00000118   Code   RO          829    i.SetSysClockTo72   system_stm32f10x.o
    0x08001484   0x08001484   0x00000028   Code   RO          304    i.SrcFilterNull     ws2812b.o
    0x080014ac   0x080014ac   0x00000040   Code   RO          305    i.SrcFilterRGB      ws2812b.o
    0x080014ec   0x080014ec   0x00000034   Code   RO         4721    i.SysTick_Handler   port.o
    0x08001520   0x08001520   0x0000006c   Code   RO          831    i.SystemInit        system_stm32f10x.o
    0x0800158c   0x0800158c   0x00000018   Code   RO         3091    i.TIM_Cmd           stm32f10x_tim.o
    0x080015a4   0x080015a4   0x00000012   Code   RO         3094    i.TIM_DMACmd        stm32f10x_tim.o
    0x080015b6   0x080015b6   0x00000002   PAD
    0x080015b8   0x080015b8   0x0000007c   Code   RO         3135    i.TIM_OC4Init       stm32f10x_tim.o
    0x08001634   0x08001634   0x0000001a   Code   RO         3137    i.TIM_OC4PreloadConfig  stm32f10x_tim.o
    0x0800164e   0x0800164e   0x00000002   PAD
    0x08001650   0x08001650   0x000000a4   Code   RO         3162    i.TIM_TimeBaseInit  stm32f10x_tim.o
    0x080016f4   0x080016f4   0x00000004   Code   RO           53    i.UsageFault_Handler  stm32f10x_it.o
    0x080016f8   0x080016f8   0x00000064   Code   RO          542    i.__random_r        rand.o
    0x0800175c   0x0800175c   0x0000000e   Code   RO         4924    i.__scatterload_copy  mc_w.l(handlers.o)
    0x0800176a   0x0800176a   0x00000002   Code   RO         4925    i.__scatterload_null  mc_w.l(handlers.o)
    0x0800176c   0x0800176c   0x0000000e   Code   RO         4926    i.__scatterload_zeroinit  mc_w.l(handlers.o)
    0x0800177a   0x0800177a   0x00000002   PAD
    0x0800177c   0x0800177c   0x00000048   Code   RO          392    i.at24qt_intit      at24qtxx.o
    0x080017c4   0x080017c4   0x00000024   Code   RO          393    i.at24qt_setMode    at24qtxx.o
    0x080017e8   0x080017e8   0x00000044   Code   RO          181    i.canAppCb          canapp.o
    0x0800182c   0x0800182c   0x0000007e   Code   RO          637    i.filterConfig      can.o
    0x080018aa   0x080018aa   0x00000024   Code   RO          731    i.gpioInit          gpioinit.o
    0x080018ce   0x080018ce   0x00000002   PAD
    0x080018d0   0x080018d0   0x00000024   Code   RO          732    i.gpioInit_A        gpioinit.o
    0x080018f4   0x080018f4   0x00000030   Code   RO          733    i.gpioInit_B        gpioinit.o
    0x08001924   0x08001924   0x0000003c   Code   RO          734    i.gpioInit_C        gpioinit.o
    0x08001960   0x08001960   0x0000004c   Code   RO          735    i.gpioInit_D        gpioinit.o
    0x080019ac   0x080019ac   0x00000002   Code   RO          736    i.gpioInit_E        gpioinit.o
    0x080019ae   0x080019ae   0x00000002   Code   RO          737    i.gpioInit_F        gpioinit.o
    0x080019b0   0x080019b0   0x00000002   Code   RO          738    i.gpioInit_G        gpioinit.o
    0x080019b2   0x080019b2   0x00000002   PAD
    0x080019b4   0x080019b4   0x0000001c   Code   RO          739    i.gpioRemap         gpioinit.o
    0x080019d0   0x080019d0   0x0000000a   Code   RO            1    i.main              main.o
    0x080019da   0x080019da   0x00000002   PAD
    0x080019dc   0x080019dc   0x00000098   Code   RO         4304    i.prvAddCurrentTaskToDelayedList  tasks.o
    0x08001a74   0x08001a74   0x000000b4   Code   RO         4305    i.prvAddNewTaskToReadyList  tasks.o
    0x08001b28   0x08001b28   0x0000004c   Code   RO         4602    i.prvCheckForValidListAndQueue  timers.o
    0x08001b74   0x08001b74   0x00000048   Code   RO         4306    i.prvCheckTasksWaitingTermination  tasks.o
    0x08001bbc   0x08001bbc   0x0000002a   Code   RO         4030    i.prvCopyDataFromQueue  queue.o
    0x08001be6   0x08001be6   0x0000006a   Code   RO         4031    i.prvCopyDataToQueue  queue.o
    0x08001c50   0x08001c50   0x00000012   Code   RO         4307    i.prvDeleteTCB      tasks.o
    0x08001c62   0x08001c62   0x00000002   PAD
    0x08001c64   0x08001c64   0x00000028   Code   RO         4603    i.prvGetNextExpireTime  timers.o
    0x08001c8c   0x08001c8c   0x0000007c   Code   RO         4791    i.prvHeapInit       heap_4.o
    0x08001d08   0x08001d08   0x0000002c   Code   RO         4308    i.prvIdleTask       tasks.o
    0x08001d34   0x08001d34   0x00000026   Code   RO         4032    i.prvInitialiseNewQueue  queue.o
    0x08001d5a   0x08001d5a   0x00000080   Code   RO         4309    i.prvInitialiseNewTask  tasks.o
    0x08001dda   0x08001dda   0x0000002e   Code   RO         4604    i.prvInitialiseNewTimer  timers.o
    0x08001e08   0x08001e08   0x00000068   Code   RO         4310    i.prvInitialiseTaskLists  tasks.o
    0x08001e70   0x08001e70   0x00000068   Code   RO         4792    i.prvInsertBlockIntoFreeList  heap_4.o
    0x08001ed8   0x08001ed8   0x00000058   Code   RO         4605    i.prvInsertTimerInActiveList  timers.o
    0x08001f30   0x08001f30   0x0000001a   Code   RO         4033    i.prvIsQueueEmpty   queue.o
    0x08001f4a   0x08001f4a   0x0000001e   Code   RO         4034    i.prvIsQueueFull    queue.o
    0x08001f68   0x08001f68   0x0000004c   Code   RO         4606    i.prvProcessExpiredTimer  timers.o
    0x08001fb4   0x08001fb4   0x000000bc   Code   RO         4607    i.prvProcessReceivedCommands  timers.o
    0x08002070   0x08002070   0x00000074   Code   RO         4608    i.prvProcessTimerOrBlockTask  timers.o
    0x080020e4   0x080020e4   0x00000034   Code   RO         4311    i.prvResetNextTaskUnblockTime  tasks.o
    0x08002118   0x08002118   0x0000002c   Code   RO         4609    i.prvSampleTimeNow  timers.o
    0x08002144   0x08002144   0x00000084   Code   RO         4610    i.prvSwitchTimerLists  timers.o
    0x080021c8   0x080021c8   0x00000016   Code   RO         4722    i.prvTaskExitError  port.o
    0x080021de   0x080021de   0x0000001e   Code   RO         4611    i.prvTimerTask      timers.o
    0x080021fc   0x080021fc   0x0000007e   Code   RO         4035    i.prvUnlockQueue    queue.o
    0x0800227a   0x0800227a   0x00000002   PAD
    0x0800227c   0x0800227c   0x000000d0   Code   RO         4793    i.pvPortMalloc      heap_4.o
    0x0800234c   0x0800234c   0x00000024   Code   RO         4723    i.pxPortInitialiseStack  port.o
    0x08002370   0x08002370   0x0000001c   Code   RO          543    i.rand              rand.o
    0x0800238c   0x0800238c   0x00000024   Code   RO          712    i.sysclock_init     sysclock.o
    0x080023b0   0x080023b0   0x00000028   Code   RO         3991    i.uxListRemove      list.o
    0x080023d8   0x080023d8   0x00000022   Code   RO          240    i.vApplicationDaemonTaskStartupHook  freertoshook.o
    0x080023fa   0x080023fa   0x00000002   Code   RO          241    i.vApplicationIdleHook  freertoshook.o
    0x080023fc   0x080023fc   0x00000002   Code   RO          242    i.vApplicationTickHook  freertoshook.o
    0x080023fe   0x080023fe   0x0000001a   Code   RO         3992    i.vListInitialise   list.o
    0x08002418   0x08002418   0x00000006   Code   RO         3993    i.vListInitialiseItem  list.o
    0x0800241e   0x0800241e   0x00000034   Code   RO         3994    i.vListInsert       list.o
    0x08002452   0x08002452   0x00000018   Code   RO         3995    i.vListInsertEnd    list.o
    0x0800246a   0x0800246a   0x00000002   PAD
    0x0800246c   0x0800246c   0x00000024   Code   RO         4725    i.vPortEnterCritical  port.o
    0x08002490   0x08002490   0x00000020   Code   RO         4726    i.vPortExitCritical  port.o
    0x080024b0   0x080024b0   0x00000048   Code   RO         4794    i.vPortFree         heap_4.o
    0x080024f8   0x080024f8   0x00000018   Code   RO         4727    i.vPortSetupTimerInterrupt  port.o
    0x08002510   0x08002510   0x0000004a   Code   RO         4040    i.vQueueWaitForMessageRestricted  queue.o
    0x0800255a   0x0800255a   0x00000002   PAD
    0x0800255c   0x0800255c   0x00000034   Code   RO         4318    i.vTaskDelay        tasks.o
    0x08002590   0x08002590   0x00000018   Code   RO         4322    i.vTaskInternalSetTimeOutState  tasks.o
    0x080025a8   0x080025a8   0x0000000c   Code   RO         4323    i.vTaskMissedYield  tasks.o
    0x080025b4   0x080025b4   0x00000020   Code   RO         4325    i.vTaskPlaceOnEventList  tasks.o
    0x080025d4   0x080025d4   0x00000028   Code   RO         4326    i.vTaskPlaceOnEventListRestricted  tasks.o
    0x080025fc   0x080025fc   0x00000070   Code   RO         4332    i.vTaskStartScheduler  tasks.o
    0x0800266c   0x0800266c   0x00000010   Code   RO         4334    i.vTaskSuspendAll   tasks.o
    0x0800267c   0x0800267c   0x00000060   Code   RO         4335    i.vTaskSwitchContext  tasks.o
    0x080026dc   0x080026dc   0x0000012c   Code   RO          394    i.vTimerCallback    at24qtxx.o
    0x08002808   0x08002808   0x000000d8   Code   RO          306    i.ws2812b_Init      ws2812b.o
    0x080028e0   0x080028e0   0x00000014   Code   RO          364    i.ws2812b_IsReady   ws2812b.o
    0x080028f4   0x080028f4   0x00000018   Code   RO          308    i.ws2812b_SendRGB   ws2812b.o
    0x0800290c   0x0800290c   0x00000034   Code   RO         4728    i.xPortStartScheduler  port.o
    0x08002940   0x08002940   0x00000038   Code   RO         4041    i.xQueueGenericCreate  queue.o
    0x08002978   0x08002978   0x00000080   Code   RO         4042    i.xQueueGenericReset  queue.o
    0x080029f8   0x080029f8   0x00000118   Code   RO         4043    i.xQueueGenericSend  queue.o
    0x08002b10   0x08002b10   0x00000086   Code   RO         4044    i.xQueueGenericSendFromISR  queue.o
    0x08002b96   0x08002b96   0x00000078   Code   RO         4045    i.xQueueGiveFromISR  queue.o
    0x08002c0e   0x08002c0e   0x00000002   PAD
    0x08002c10   0x08002c10   0x00000104   Code   RO         4050    i.xQueueReceive     queue.o
    0x08002d14   0x08002d14   0x000000f0   Code   RO         4052    i.xQueueSemaphoreTake  queue.o
    0x08002e04   0x08002e04   0x00000050   Code   RO          182    i.xTask             canapp.o
    0x08002e54   0x08002e54   0x0000005c   Code   RO         4336    i.xTaskCheckForTimeOut  tasks.o
    0x08002eb0   0x08002eb0   0x00000060   Code   RO         4337    i.xTaskCreate       tasks.o
    0x08002f10   0x08002f10   0x00000020   Code   RO         4341    i.xTaskGetSchedulerState  tasks.o
    0x08002f30   0x08002f30   0x0000000c   Code   RO         4342    i.xTaskGetTickCount  tasks.o
    0x08002f3c   0x08002f3c   0x00000128   Code   RO         4344    i.xTaskIncrementTick  tasks.o
    0x08003064   0x08003064   0x00000080   Code   RO         4347    i.xTaskRemoveFromEventList  tasks.o
    0x080030e4   0x080030e4   0x000000e8   Code   RO         4348    i.xTaskResumeAll    tasks.o
    0x080031cc   0x080031cc   0x00000030   Code   RO         4614    i.xTimerCreate      timers.o
    0x080031fc   0x080031fc   0x0000003c   Code   RO         4615    i.xTimerCreateTimerTask  timers.o
    0x08003238   0x08003238   0x0000006c   Code   RO         4616    i.xTimerGenericCommand  timers.o
    0x080032a4   0x080032a4   0x00000068   Data   RO          183    .constdata          canapp.o
    0x0800330c   0x0800330c   0x00000100   Data   RO          310    .constdata          ws2812b.o
    0x0800340c   0x0800340c   0x00000004   Data   RO          639    .constdata          can.o
    0x08003410   0x08003410   0x00000020   Data   RO         4922    Region$$Table       anon$$obj.o


    Execution Region RW_IRAM1 (Exec base: 0x20000000, Load base: 0x08003430, Size: 0x000055c0, Max: 0x00010000, ABSOLUTE, COMPRESSED[0x000000a8])

    Exec Addr    Load Addr    Size         Type   Attr      Idx    E Section Name        Object

    0x20000000   COMPRESSED   0x0000000c   Data   RW          184    .data               canapp.o
    0x2000000c   COMPRESSED   0x00000010   Data   RW          311    .data               ws2812b.o
    0x2000001c   COMPRESSED   0x00000007   Data   RW          396    .data               at24qtxx.o
    0x20000023   COMPRESSED   0x00000001   PAD
    0x20000024   COMPRESSED   0x000000a0   Data   RW          545    .data               rand.o
    0x200000c4   COMPRESSED   0x00000004   Data   RW          640    .data               can.o
    0x200000c8   COMPRESSED   0x00000014   Data   RW          832    .data               system_stm32f10x.o
    0x200000dc   COMPRESSED   0x0000003c   Data   RW         4351    .data               tasks.o
    0x20000118   COMPRESSED   0x00000014   Data   RW         4622    .data               timers.o
    0x2000012c   COMPRESSED   0x00000004   Data   RW         4729    .data               port.o
    0x20000130   COMPRESSED   0x00000018   Data   RW         4799    .data               heap_4.o
    0x20000148        -       0x00000b40   Zero   RW          309    .bss                ws2812b.o
    0x20000c88        -       0x00000030   Zero   RW          395    .bss                at24qtxx.o
    0x20000cb8        -       0x00000018   Zero   RW          638    .bss                can.o
    0x20000cd0        -       0x000000c8   Zero   RW         4350    .bss                tasks.o
    0x20000d98        -       0x00000028   Zero   RW         4621    .bss                timers.o
    0x20000dc0        -       0x00004400   Zero   RW         4798    .bss                heap_4.o
    0x200051c0        -       0x00000400   Zero   RW          821    STACK               startup_stm32f10x_cl.o


==============================================================================

Image component sizes


      Code (inc. data)   RO Data    RW Data    ZI Data      Debug   Object Name

       408         52          0          7         48       4979   at24qtxx.o
       980         66          4          4         24       7695   can.o
       458         94        104         12          0      10080   canapp.o
         0          0          0          0          0       9324   event_groups.o
        38          0          0          0          0       2170   freertoshook.o
       290         26          0          0          0       3727   gpioinit.o
       508         62          0         24      17408       3931   heap_4.o
        56          6          0          0          0        463   iic.o
       148          0          0          0          0       3194   list.o
        10          0          0          0          0      15003   main.o
       112         12          0          0          0       1180   misc.o
       404         48          0          4          0       9144   port.o
      1660         20          0          0          0      12993   queue.o
       128         12          0        160          0       2259   rand.o
        36          8        336          0       1024        784   startup_stm32f10x_cl.o
      1566         16          0          0          0       6578   stm32f10x_can.o
       178         18          0          0          0       5251   stm32f10x_dma.o
       444          6          0          0          0       4133   stm32f10x_gpio.o
        20          0          0          0          0     270649   stm32f10x_it.o
       128         24          0          0          0       2319   stm32f10x_rcc.o
       356         52          0          0          0       3795   stm32f10x_tim.o
         0          0          0          0          0         32   sys.o
        36          6          0          0          0        440   sysclock.o
       396         32          0         20          0       2257   system_stm32f10x.o
      2022        330          0         60        200      25960   tasks.o
      1052        108          0         20         40      10022   timers.o
       912         92        256         16       2880       7178   ws2812b.o

    ----------------------------------------------------------------------
     12382       1090        732        328      21624     425540   Object Totals
         0          0         32          0          0          0   (incl. Generated)
        36          0          0          1          0          0   (incl. Padding)

    ----------------------------------------------------------------------

      Code (inc. data)   RO Data    RW Data    ZI Data      Debug   Library Member Name

        86          0          0          0          0          0   __dczerorl2.o
         0          0          0          0          0          0   entry.o
         0          0          0          0          0          0   entry10a.o
         0          0          0          0          0          0   entry11a.o
         8          4          0          0          0          0   entry2.o
         4          0          0          0          0          0   entry5.o
         0          0          0          0          0          0   entry7b.o
         0          0          0          0          0          0   entry8b.o
         8          4          0          0          0          0   entry9a.o
        30          0          0          0          0          0   handlers.o
        36          8          0          0          0         68   init.o
        36          0          0          0          0         68   memcpya.o
        36          0          0          0          0        108   memseta.o

    ----------------------------------------------------------------------
       246         16          0          0          0        244   Library Totals
         2          0          0          0          0          0   (incl. Padding)

    ----------------------------------------------------------------------

      Code (inc. data)   RO Data    RW Data    ZI Data      Debug   Library Name

       244         16          0          0          0        244   mc_w.l

    ----------------------------------------------------------------------
       246         16          0          0          0        244   Library Totals

    ----------------------------------------------------------------------

==============================================================================


      Code (inc. data)   RO Data    RW Data    ZI Data      Debug   

     12628       1106        732        328      21624     418164   Grand Totals
     12628       1106        732        168      21624     418164   ELF Image Totals (compressed)
     12628       1106        732        168          0          0   ROM Totals

==============================================================================

    Total RO  Size (Code + RO Data)                13360 (  13.05kB)
    Total RW  Size (RW Data + ZI Data)             21952 (  21.44kB)
    Total ROM Size (Code + RO Data + RW Data)      13528 (  13.21kB)

==============================================================================

